rashmika@adsl-dynamic-ipv6:~$ sudo su
[sudo] password for rashmika: 
root@adsl-dynamic-ipv6:/home/rashmika# docker login

USING WEB-BASED LOGIN

i Info → To sign in with credentials on the command line, use 'docker login -u <username>'
         

Your one-time device confirmation code is: WRCQ-JWCM
Press ENTER to open your browser or submit your device code here: https://login.docker.com/activate

Waiting for authentication in the browser…


WARNING! Your credentials are stored unencrypted in '/root/.docker/config.json'.
Configure a credential helper to remove this warning. See
https://docs.docker.com/go/credential-store/

Login Succeeded
root@adsl-dynamic-ipv6:/home/rashmika# docker start
docker: 'docker start' requires at least 1 argument

Usage:  docker start [OPTIONS] CONTAINER [CONTAINER...]

See 'docker start --help' for more information
root@adsl-dynamic-ipv6:/home/rashmika# docker ps
CONTAINER ID   IMAGE     COMMAND   CREATED   STATUS    PORTS     NAMES
root@adsl-dynamic-ipv6:/home/rashmika# docker pull nginx
Using default tag: latest
latest: Pulling from library/nginx
61320b01ae5e: Pull complete 
670a101d432b: Pull complete 
405bd2df85b6: Pull complete 
cc80efff8457: Pull complete 
2b9310b2ee4b: Pull complete 
6c4aa022e8e1: Pull complete 
abddc69cb49d: Pull complete 
Digest: sha256:fb39280b7b9eba5727c884a3c7810002e69e8f961cc373b89c92f14961d903a0
Status: Downloaded newer image for nginx:latest
docker.io/library/nginx:latest
root@adsl-dynamic-ipv6:/home/rashmika# docker ps -a
CONTAINER ID   IMAGE         COMMAND    CREATED        STATUS                    PORTS     NAMES
1362307064d8   hello-world   "/hello"   29 hours ago   Exited (0) 29 hours ago             dreamy_galileo
root@adsl-dynamic-ipv6:/home/rashmika# docker run nginx
/docker-entrypoint.sh: /docker-entrypoint.d/ is not empty, will attempt to perform configuration
/docker-entrypoint.sh: Looking for shell scripts in /docker-entrypoint.d/
/docker-entrypoint.sh: Launching /docker-entrypoint.d/10-listen-on-ipv6-by-default.sh
10-listen-on-ipv6-by-default.sh: info: Getting the checksum of /etc/nginx/conf.d/default.conf
10-listen-on-ipv6-by-default.sh: info: Enabled listen on IPv6 in /etc/nginx/conf.d/default.conf
/docker-entrypoint.sh: Sourcing /docker-entrypoint.d/15-local-resolvers.envsh
/docker-entrypoint.sh: Launching /docker-entrypoint.d/20-envsubst-on-templates.sh
/docker-entrypoint.sh: Launching /docker-entrypoint.d/30-tune-worker-processes.sh
/docker-entrypoint.sh: Configuration complete; ready for start up
2025/06/06 09:26:43 [notice] 1#1: using the "epoll" event method
2025/06/06 09:26:43 [notice] 1#1: nginx/1.27.5
2025/06/06 09:26:43 [notice] 1#1: built by gcc 12.2.0 (Debian 12.2.0-14) 
2025/06/06 09:26:43 [notice] 1#1: OS: Linux 6.14.9-300.fc42.x86_64
2025/06/06 09:26:43 [notice] 1#1: getrlimit(RLIMIT_NOFILE): 1073741816:1073741816
2025/06/06 09:26:43 [notice] 1#1: start worker processes
2025/06/06 09:26:43 [notice] 1#1: start worker process 29

^C2025/06/06 09:28:47 [notice] 1#1: signal 2 (SIGINT) received, exiting
2025/06/06 09:28:47 [notice] 29#29: exiting
2025/06/06 09:28:47 [notice] 29#29: exit
2025/06/06 09:28:47 [notice] 1#1: signal 17 (SIGCHLD) received from 29
2025/06/06 09:28:47 [notice] 1#1: worker process 29 exited with code 0
2025/06/06 09:28:47 [notice] 1#1: exit
root@adsl-dynamic-ipv6:/home/rashmika# docker ps -a
CONTAINER ID   IMAGE         COMMAND                  CREATED         STATUS                     PORTS     NAMES
c2c0bf89a5a9   nginx         "/docker-entrypoint.…"   2 minutes ago   Exited (0) 9 seconds ago             wizardly_jennings
1362307064d8   hello-world   "/hello"                 29 hours ago    Exited (0) 29 hours ago              dreamy_galileo
root@adsl-dynamic-ipv6:/home/rashmika# docker run nginx

/docker-entrypoint.sh: /docker-entrypoint.d/ is not empty, will attempt to perform configuration
/docker-entrypoint.sh: Looking for shell scripts in /docker-entrypoint.d/
/docker-entrypoint.sh: Launching /docker-entrypoint.d/10-listen-on-ipv6-by-default.sh
10-listen-on-ipv6-by-default.sh: info: Getting the checksum of /etc/nginx/conf.d/default.conf
10-listen-on-ipv6-by-default.sh: info: Enabled listen on IPv6 in /etc/nginx/conf.d/default.conf
/docker-entrypoint.sh: Sourcing /docker-entrypoint.d/15-local-resolvers.envsh
/docker-entrypoint.sh: Launching /docker-entrypoint.d/20-envsubst-on-templates.sh
/docker-entrypoint.sh: Launching /docker-entrypoint.d/30-tune-worker-processes.sh
/docker-entrypoint.sh: Configuration complete; ready for start up
2025/06/06 09:29:06 [notice] 1#1: using the "epoll" event method
2025/06/06 09:29:06 [notice] 1#1: nginx/1.27.5
2025/06/06 09:29:06 [notice] 1#1: built by gcc 12.2.0 (Debian 12.2.0-14) 
2025/06/06 09:29:06 [notice] 1#1: OS: Linux 6.14.9-300.fc42.x86_64
2025/06/06 09:29:06 [notice] 1#1: getrlimit(RLIMIT_NOFILE): 1073741816:1073741816
2025/06/06 09:29:06 [notice] 1#1: start worker processes
2025/06/06 09:29:06 [notice] 1#1: start worker process 29
^C2025/06/06 09:29:22 [notice] 1#1: signal 2 (SIGINT) received, exiting
2025/06/06 09:29:22 [notice] 29#29: exiting
2025/06/06 09:29:22 [notice] 29#29: exit
2025/06/06 09:29:22 [notice] 1#1: signal 17 (SIGCHLD) received from 29
2025/06/06 09:29:22 [notice] 1#1: worker process 29 exited with code 0
2025/06/06 09:29:22 [notice] 1#1: exit
root@adsl-dynamic-ipv6:/home/rashmika# docker run -it nginx -- /bin/bash
/docker-entrypoint.sh: 47: exec: --: not found
root@adsl-dynamic-ipv6:/home/rashmika# docker run -it nginx  /bin/bash
root@4fc1c4c5be12:/# ll
bash: ll: command not found
root@4fc1c4c5be12:/# ls
bin  boot  dev	docker-entrypoint.d  docker-entrypoint.sh  etc	home  lib  lib64  media  mnt  opt  proc  root  run  sbin  srv  sys  tmp  usr  var
root@4fc1c4c5be12:/# exit
exit
root@adsl-dynamic-ipv6:/home/rashmika# docker run -it --microsoft /powershell:nanoserver
unknown flag: --microsoft

Usage:  docker run [OPTIONS] IMAGE [COMMAND] [ARG...]

Run 'docker run --help' for more information
root@adsl-dynamic-ipv6:/home/rashmika# docker run -it microsoft /powershell:nanoserver
Unable to find image 'microsoft:latest' locally
docker: Error response from daemon: pull access denied for microsoft, repository does not exist or may require 'docker login': denied: requested access to the resource is denied

Run 'docker run --help' for more information
root@adsl-dynamic-ipv6:/home/rashmika# docker run -it  /powershell:nanoserver
docker: invalid reference format

Run 'docker run --help' for more information
root@adsl-dynamic-ipv6:/home/rashmika# docker run -it microsoft/powershell:nanoserver
Unable to find image 'microsoft/powershell:nanoserver' locally
docker: Error response from daemon: pull access denied for microsoft/powershell, repository does not exist or may require 'docker login': denied: requested access to the resource is denied

Run 'docker run --help' for more information
root@adsl-dynamic-ipv6:/home/rashmika# docker run -it --microsoft/powershell:nanoserver
unknown flag: --microsoft/powershell:nanoserver

Usage:  docker run [OPTIONS] IMAGE [COMMAND] [ARG...]

Run 'docker run --help' for more information
root@adsl-dynamic-ipv6:/home/rashmika# docker run -it --microsoft/powershell:nanoserver
unknown flag: --microsoft/powershell:nanoserver

Usage:  docker run [OPTIONS] IMAGE [COMMAND] [ARG...]

Run 'docker run --help' for more information
root@adsl-dynamic-ipv6:/home/rashmika# docker images
REPOSITORY    TAG       IMAGE ID       CREATED        SIZE
nginx         latest    be69f2940aaf   7 weeks ago    192MB
hello-world   latest    74cc54e27dc4   4 months ago   10.1kB
root@adsl-dynamic-ipv6:/home/rashmika# docker lsof -i
unknown shorthand flag: 'i' in -i

Usage:  docker [OPTIONS] COMMAND [ARG...]

Run 'docker --help' for more information
root@adsl-dynamic-ipv6:/home/rashmika# docker ps
CONTAINER ID   IMAGE     COMMAND   CREATED   STATUS    PORTS     NAMES
root@adsl-dynamic-ipv6:/home/rashmika# docker ps -a
CONTAINER ID   IMAGE         COMMAND                  CREATED          STATUS                        PORTS     NAMES
4fc1c4c5be12   nginx         "/docker-entrypoint.…"   13 minutes ago   Exited (0) 13 minutes ago               adoring_knuth
c59c046016d2   nginx         "/docker-entrypoint.…"   14 minutes ago   Exited (127) 14 minutes ago             boring_hodgkin
03fefa750bb8   nginx         "/docker-entrypoint.…"   15 minutes ago   Exited (0) 15 minutes ago               optimistic_mcnulty
c2c0bf89a5a9   nginx         "/docker-entrypoint.…"   18 minutes ago   Exited (0) 16 minutes ago               wizardly_jennings
1362307064d8   hello-world   "/hello"                 29 hours ago     Exited (0) 29 hours ago                 dreamy_galileo
root@adsl-dynamic-ipv6:/home/rashmika# sudo lsof -i | grep docker
root@adsl-dynamic-ipv6:/home/rashmika# sudo lsof -i 
COMMAND    PID            USER   FD   TYPE DEVICE SIZE/OFF NODE NAME
systemd-r  688 systemd-resolve   10u  IPv4   8183      0t0  UDP *:llmnr 
systemd-r  688 systemd-resolve   11u  IPv4   8184      0t0  TCP *:llmnr (LISTEN)
systemd-r  688 systemd-resolve   12u  IPv6   8191      0t0  UDP *:llmnr 
systemd-r  688 systemd-resolve   13u  IPv6   8192      0t0  TCP *:llmnr (LISTEN)
systemd-r  688 systemd-resolve   16u  IPv4   8197      0t0  UDP _localdnsstub:domain 
systemd-r  688 systemd-resolve   17u  IPv4   8198      0t0  TCP _localdnsstub:domain (LISTEN)
systemd-r  688 systemd-resolve   18u  IPv4   8199      0t0  UDP _localdnsproxy:domain 
systemd-r  688 systemd-resolve   19u  IPv4   8200      0t0  TCP _localdnsproxy:domain (LISTEN)
avahi-dae  737           avahi   12u  IPv4   9331      0t0  UDP *:mdns 
avahi-dae  737           avahi   13u  IPv6   9332      0t0  UDP *:mdns 
chronyd    817          chrony    5u  IPv4   9734      0t0  UDP localhost:323 
chronyd    817          chrony    6u  IPv6   9735      0t0  UDP localhost:323 
NetworkMa  874            root   26u  IPv4  11697      0t0  UDP adsl-dynamic-ipv6.slt.lk:bootpc->_gateway:bootps 
NetworkMa  874            root   30u  IPv6  12117      0t0  UDP adsl-dynamic-ipv6.slt.lk:dhcpv6-client 
cupsd      896            root    7u  IPv6  10799      0t0  TCP localhost:ipp (LISTEN)
cupsd      896            root    8u  IPv4  10800      0t0  TCP localhost:ipp (LISTEN)
sshd       898            root    7u  IPv4  10811      0t0  TCP *:ssh (LISTEN)
sshd       898            root    8u  IPv6  10813      0t0  TCP *:ssh (LISTEN)
nginx     1181            root    8u  IPv4  12415      0t0  TCP *:http (LISTEN)
nginx     1181            root    9u  IPv6  12416      0t0  TCP *:http (LISTEN)
nginx     1181            root   10u  IPv4  12417      0t0  TCP *:https (LISTEN)
nginx     1181            root   11u  IPv6  12418      0t0  TCP *:https (LISTEN)
nginx     1182           nginx    8u  IPv4  12415      0t0  TCP *:http (LISTEN)
nginx     1182           nginx    9u  IPv6  12416      0t0  TCP *:http (LISTEN)
nginx     1182           nginx   10u  IPv4  12417      0t0  TCP *:https (LISTEN)
nginx     1182           nginx   11u  IPv6  12418      0t0  TCP *:https (LISTEN)
firefox   3478            root  170u  IPv4  32813      0t0  TCP adsl-dynamic-ipv6.slt.lk:47264->93.243.107.34.bc.googleusercontent.com:https (ESTABLISHED)
root@adsl-dynamic-ipv6:/home/rashmika# docker ps
CONTAINER ID   IMAGE     COMMAND   CREATED   STATUS    PORTS     NAMES
root@adsl-dynamic-ipv6:/home/rashmika# docker images
REPOSITORY    TAG       IMAGE ID       CREATED        SIZE
nginx         latest    be69f2940aaf   7 weeks ago    192MB
hello-world   latest    74cc54e27dc4   4 months ago   10.1kB
root@adsl-dynamic-ipv6:/home/rashmika# docker ^C
root@adsl-dynamic-ipv6:/home/rashmika# C
.
.
.
.
.
.
.
.
.
.
.
.
.
.
rashmika@adsl-dynamic-ipv6:~$ docker ps -a
permission denied while trying to connect to the Docker daemon socket at unix:///var/run/docker.sock: Get "http://%2Fvar%2Frun%2Fdocker.sock/v1.50/containers/json?all=1": dial unix /var/run/docker.sock: connect: permission denied
rashmika@adsl-dynamic-ipv6:~$ sudo su
[sudo] password for rashmika: 
root@adsl-dynamic-ipv6:/home/rashmika# docker ps -a
CONTAINER ID   IMAGE         COMMAND                  CREATED      STATUS                       PORTS                                     NAMES
79fb67a33490   nginx         "/docker-entrypoint.…"   2 days ago   Exited (255) 3 minutes ago   0.0.0.0:8080->80/tcp, [::]:8080->80/tcp   webserver
4fc1c4c5be12   nginx         "/docker-entrypoint.…"   2 days ago   Exited (0) 2 days ago                                                  adoring_knuth
c59c046016d2   nginx         "/docker-entrypoint.…"   2 days ago   Exited (127) 2 days ago                                                boring_hodgkin
03fefa750bb8   nginx         "/docker-entrypoint.…"   2 days ago   Exited (0) 2 days ago                                                  optimistic_mcnulty
c2c0bf89a5a9   nginx         "/docker-entrypoint.…"   2 days ago   Exited (0) 2 days ago                                                  wizardly_jennings
1362307064d8   hello-world   "/hello"                 4 days ago   Exited (0) 4 days ago                                                  dreamy_galileo
root@adsl-dynamic-ipv6:/home/rashmika# docker imges
docker: unknown command: docker imges

Run 'docker --help' for more information
root@adsl-dynamic-ipv6:/home/rashmika# docker imgaes
docker: unknown command: docker imgaes

Run 'docker --help' for more information
root@adsl-dynamic-ipv6:/home/rashmika# docker images
REPOSITORY    TAG       IMAGE ID       CREATED        SIZE
nginx         latest    be69f2940aaf   7 weeks ago    192MB
hello-world   latest    74cc54e27dc4   4 months ago   10.1kB
root@adsl-dynamic-ipv6:/home/rashmika# docker container exec -it webserver bash
Error response from daemon: container 79fb67a33490434de4462730ba108dc2045281b21f3a7bd280396467c88edd97 is not running
root@adsl-dynamic-ipv6:/home/rashmika# docker start wbserver
Error response from daemon: No such container: wbserver
Error: failed to start containers: wbserver
root@adsl-dynamic-ipv6:/home/rashmika# docker start nginx
Error response from daemon: No such container: nginx
Error: failed to start containers: nginx
root@adsl-dynamic-ipv6:/home/rashmika# docker login
Authenticating with existing credentials... [Username: dinidurashmika]

i Info → To login with a different account, run 'docker logout' followed by 'docker login'


Login Succeeded
root@adsl-dynamic-ipv6:/home/rashmika# docker run nginx
/docker-entrypoint.sh: /docker-entrypoint.d/ is not empty, will attempt to perform configuration
/docker-entrypoint.sh: Looking for shell scripts in /docker-entrypoint.d/
/docker-entrypoint.sh: Launching /docker-entrypoint.d/10-listen-on-ipv6-by-default.sh
10-listen-on-ipv6-by-default.sh: info: Getting the checksum of /etc/nginx/conf.d/default.conf
10-listen-on-ipv6-by-default.sh: info: Enabled listen on IPv6 in /etc/nginx/conf.d/default.conf
/docker-entrypoint.sh: Sourcing /docker-entrypoint.d/15-local-resolvers.envsh
/docker-entrypoint.sh: Launching /docker-entrypoint.d/20-envsubst-on-templates.sh
/docker-entrypoint.sh: Launching /docker-entrypoint.d/30-tune-worker-processes.sh
/docker-entrypoint.sh: Configuration complete; ready for start up
2025/06/09 04:05:19 [notice] 1#1: using the "epoll" event method
2025/06/09 04:05:19 [notice] 1#1: nginx/1.27.5
2025/06/09 04:05:19 [notice] 1#1: built by gcc 12.2.0 (Debian 12.2.0-14) 
2025/06/09 04:05:19 [notice] 1#1: OS: Linux 6.14.9-300.fc42.x86_64
2025/06/09 04:05:19 [notice] 1#1: getrlimit(RLIMIT_NOFILE): 1073741816:1073741816
2025/06/09 04:05:19 [notice] 1#1: start worker processes
2025/06/09 04:05:19 [notice] 1#1: start worker process 29
^C2025/06/09 04:05:28 [notice] 1#1: signal 2 (SIGINT) received, exiting
2025/06/09 04:05:28 [notice] 29#29: exiting
2025/06/09 04:05:28 [notice] 29#29: exit
2025/06/09 04:05:28 [notice] 1#1: signal 14 (SIGALRM) received
2025/06/09 04:05:28 [notice] 1#1: signal 17 (SIGCHLD) received from 29
2025/06/09 04:05:28 [notice] 1#1: worker process 29 exited with code 0
2025/06/09 04:05:28 [notice] 1#1: exit
root@adsl-dynamic-ipv6:/home/rashmika# docker start webserver
webserver
root@adsl-dynamic-ipv6:/home/rashmika# docker lsof -i
unknown shorthand flag: 'i' in -i

Usage:  docker [OPTIONS] COMMAND [ARG...]

Run 'docker --help' for more information
root@adsl-dynamic-ipv6:/home/rashmika# docker lsof webserver
docker: unknown command: docker lsof

Run 'docker --help' for more information
root@adsl-dynamic-ipv6:/home/rashmika# docker ps
CONTAINER ID   IMAGE     COMMAND                  CREATED      STATUS              PORTS                                     NAMES
79fb67a33490   nginx     "/docker-entrypoint.…"   2 days ago   Up About a minute   0.0.0.0:8080->80/tcp, [::]:8080->80/tcp   webserver
root@adsl-dynamic-ipv6:/home/rashmika# docker container exec -it webserver bash
root@79fb67a33490:/# ^C
root@79fb67a33490:/# ls
bin  boot  dev	docker-entrypoint.d  docker-entrypoint.sh  etc	home  lib  lib64  media  mnt  opt  proc  root  run  sbin  srv  sys  tmp  usr  var
root@79fb67a33490:/# ll
bash: ll: command not found
root@79fb67a33490:/# ls bin
'['		 cp			   echo         id	    mcookie	       pr	      sha512sum    unexpand
 addpart	 csplit			   egrep        infocmp     md5sum	       printenv       shred	   uniq
 apt		 curl			   env	        infotocap   md5sum.textutils   printf	      shuf	   unlink
 apt-cache	 cut			   envsubst     install     mesg	       prlimit	      sleep	   unshare
 apt-cdrom	 dash			   expand       ionice	    mkdir	       ptx	      sort	   update-alternatives
 apt-config	 date			   expiry       ipcmk	    mkfifo	       pwd	      split	   users
 apt-get	 dd			   expr         ipcrm	    mknod	       rbash	      stat	   utmpdump
 apt-key	 deb-systemd-helper	   factor       ipcs	    mktemp	       readlink       stdbuf	   vdir
 apt-mark	 deb-systemd-invoke	   faillog      ischroot    more	       realpath       stty	   wall
 arch		 debconf		   fallocate    join	    mount	       rename.ul      su	   wc
 awk		 debconf-apt-progress	   false        last	    mountpoint	       renice	      sum	   wdctl
 b2sum		 debconf-communicate	   fgrep        lastb	    mv		       reset	      sync	   whereis
 base32		 debconf-copydb		   fincore      lastlog     namei	       resizepart     tabs	   which
 base64		 debconf-escape		   find         ld.so	    nawk	       rev	      tac	   which.debianutils
 basename	 debconf-set-selections    findmnt      ldd	    newgrp	       rgrep	      tail	   who
 basenc		 debconf-show		   flock        link	    ngettext	       rm	      tar	   whoami
 bash		 delpart		   fmt	        linux32     nice	       rmdir	      taskset	   x86_64
 bashbug	 df			   fold         linux64     nisdomainname      run-parts      tee	   xargs
 c_rehash	 diff			   getconf      ln	    njs		       runcon	      tempfile	   yes
 captoinfo	 diff3			   getent       locale	    nl		       savelog	      test	   ypdomainname
 cat		 dir			   getopt       localedef   nohup	       script	      tic	   zcat
 chage		 dircolors		   gettext      logger	    nproc	       scriptlive     timeout	   zcmp
 chattr		 dirname		   gettext.sh   login	    nsenter	       scriptreplay   toe	   zdiff
 chcon		 dmesg			   gpasswd      logname     numfmt	       sdiff	      touch	   zdump
 chfn		 dnsdomainname		   gpgv         ls	    od		       sed	      tput	   zegrep
 chgrp		 domainname		   grep         lsattr	    openssl	       seq	      tr	   zfgrep
 chmod		 dpkg			   groups       lsblk	    pager	       setarch	      true	   zforce
 choom		 dpkg-deb		   gunzip       lscpu	    partx	       setpriv	      truncate	   zgrep
 chown		 dpkg-divert		   gzexe        lsfd	    passwd	       setsid	      tset	   zless
 chrt		 dpkg-maintscript-helper   gzip         lsipc	    paste	       setterm	      tsort	   zmore
 chsh		 dpkg-query		   hardlink     lsirq	    pathchk	       sg	      tty	   znew
 cksum		 dpkg-realpath		   head         lslocks     perl	       sh	      tzselect
 clear		 dpkg-split		   hostid       lslogins    perl5.36.0	       sha1sum	      uclampset
 clear_console	 dpkg-statoverride	   hostname     lsmem	    pidof	       sha224sum      umount
 cmp		 dpkg-trigger		   i386         lsns	    pinky	       sha256sum      uname
 comm		 du			   iconv        mawk	    pldd	       sha384sum      uncompress
root@79fb67a33490:/# ls usr
bin  games  include  lib  lib64  libexec  local  sbin  share  src
root@79fb67a33490:/# ls usr/bin
'['		 cp			   echo         id	    mcookie	       pr	      sha512sum    unexpand
 addpart	 csplit			   egrep        infocmp     md5sum	       printenv       shred	   uniq
 apt		 curl			   env	        infotocap   md5sum.textutils   printf	      shuf	   unlink
 apt-cache	 cut			   envsubst     install     mesg	       prlimit	      sleep	   unshare
 apt-cdrom	 dash			   expand       ionice	    mkdir	       ptx	      sort	   update-alternatives
 apt-config	 date			   expiry       ipcmk	    mkfifo	       pwd	      split	   users
 apt-get	 dd			   expr         ipcrm	    mknod	       rbash	      stat	   utmpdump
 apt-key	 deb-systemd-helper	   factor       ipcs	    mktemp	       readlink       stdbuf	   vdir
 apt-mark	 deb-systemd-invoke	   faillog      ischroot    more	       realpath       stty	   wall
 arch		 debconf		   fallocate    join	    mount	       rename.ul      su	   wc
 awk		 debconf-apt-progress	   false        last	    mountpoint	       renice	      sum	   wdctl
 b2sum		 debconf-communicate	   fgrep        lastb	    mv		       reset	      sync	   whereis
 base32		 debconf-copydb		   fincore      lastlog     namei	       resizepart     tabs	   which
 base64		 debconf-escape		   find         ld.so	    nawk	       rev	      tac	   which.debianutils
 basename	 debconf-set-selections    findmnt      ldd	    newgrp	       rgrep	      tail	   who
 basenc		 debconf-show		   flock        link	    ngettext	       rm	      tar	   whoami
 bash		 delpart		   fmt	        linux32     nice	       rmdir	      taskset	   x86_64
 bashbug	 df			   fold         linux64     nisdomainname      run-parts      tee	   xargs
 c_rehash	 diff			   getconf      ln	    njs		       runcon	      tempfile	   yes
 captoinfo	 diff3			   getent       locale	    nl		       savelog	      test	   ypdomainname
 cat		 dir			   getopt       localedef   nohup	       script	      tic	   zcat
 chage		 dircolors		   gettext      logger	    nproc	       scriptlive     timeout	   zcmp
 chattr		 dirname		   gettext.sh   login	    nsenter	       scriptreplay   toe	   zdiff
 chcon		 dmesg			   gpasswd      logname     numfmt	       sdiff	      touch	   zdump
 chfn		 dnsdomainname		   gpgv         ls	    od		       sed	      tput	   zegrep
 chgrp		 domainname		   grep         lsattr	    openssl	       seq	      tr	   zfgrep
 chmod		 dpkg			   groups       lsblk	    pager	       setarch	      true	   zforce
 choom		 dpkg-deb		   gunzip       lscpu	    partx	       setpriv	      truncate	   zgrep
 chown		 dpkg-divert		   gzexe        lsfd	    passwd	       setsid	      tset	   zless
 chrt		 dpkg-maintscript-helper   gzip         lsipc	    paste	       setterm	      tsort	   zmore
 chsh		 dpkg-query		   hardlink     lsirq	    pathchk	       sg	      tty	   znew
 cksum		 dpkg-realpath		   head         lslocks     perl	       sh	      tzselect
 clear		 dpkg-split		   hostid       lslogins    perl5.36.0	       sha1sum	      uclampset
 clear_console	 dpkg-statoverride	   hostname     lsmem	    pidof	       sha224sum      umount
 cmp		 dpkg-trigger		   i386         lsns	    pinky	       sha256sum      uname
 comm		 du			   iconv        mawk	    pldd	       sha384sum      uncompress
root@79fb67a33490:/# ls etc
adduser.conf		cron.daily	fonts	  host.conf    ld.so.conf     mtab	     passwd-	rc5.d	     shadow-   timezone
alternatives		debconf.conf	fstab	  hostname     ld.so.conf.d   nginx	     profile	rc6.d	     shells    update-motd.d
apt			debian_version	gai.conf  hosts        libaudit.conf  nsswitch.conf  profile.d	rcS.d	     skel      xattr.conf
bash.bashrc		default		group	  init.d       localtime      opt	     rc0.d	resolv.conf  ssl
bindresvport.blacklist	deluser.conf	group-	  issue        login.defs     os-release     rc1.d	rmt	     subgid
ca-certificates		dpkg		gshadow   issue.net    logrotate.d    pam.conf	     rc2.d	security     subuid
ca-certificates.conf	e2scrub.conf	gshadow-  kernel       mke2fs.conf    pam.d	     rc3.d	selinux      systemd
cron.d			environment	gss	  ld.so.cache  motd	      passwd	     rc4.d	shadow	     terminfo
root@79fb67a33490:/# exit
exit
root@adsl-dynamic-ipv6:/home/rashmika# docker stop webserver
webserver
root@adsl-dynamic-ipv6:/home/rashmika# ps a
    PID TTY      STAT   TIME COMMAND
   2098 tty2     Ssl+   0:00 /usr/libexec/gdm-wayland-session /usr/bin/gnome-session
   2116 tty2     Sl+    0:00 /usr/libexec/gnome-session-binary
   3170 pts/0    Ss     0:00 /usr/bin/bash
   3328 pts/0    S+     0:00 sudo su
   3367 pts/1    Ss     0:00 sudo su
   3368 pts/1    S      0:00 su
   3371 pts/1    S      0:00 bash
   5453 pts/1    R+     0:00 ps a
root@adsl-dynamic-ipv6:/home/rashmika# ps -a
    PID TTY          TIME CMD
   2116 tty2     00:00:00 gnome-session-b
   3328 pts/0    00:00:00 sudo
   3368 pts/1    00:00:00 su
   3371 pts/1    00:00:00 bash
   5468 pts/1    00:00:00 ps
root@adsl-dynamic-ipv6:/home/rashmika# docker login
Authenticating with existing credentials... [Username: dinidurashmika]

i Info → To login with a different account, run 'docker logout' followed by 'docker login'


Login Succeeded
root@adsl-dynamic-ipv6:/home/rashmika# ps a
    PID TTY      STAT   TIME COMMAND
   2098 tty2     Ssl+   0:00 /usr/libexec/gdm-wayland-session /usr/bin/gnome-session
   2116 tty2     Sl+    0:00 /usr/libexec/gnome-session-binary
   3170 pts/0    Ss     0:00 /usr/bin/bash
   3328 pts/0    S+     0:00 sudo su
   3367 pts/1    Ss     0:00 sudo su
   3368 pts/1    S      0:00 su
   3371 pts/1    S      0:00 bash
   5509 pts/1    R+     0:00 ps a
root@adsl-dynamic-ipv6:/home/rashmika# docker run nginx
/docker-entrypoint.sh: /docker-entrypoint.d/ is not empty, will attempt to perform configuration
/docker-entrypoint.sh: Looking for shell scripts in /docker-entrypoint.d/
/docker-entrypoint.sh: Launching /docker-entrypoint.d/10-listen-on-ipv6-by-default.sh
10-listen-on-ipv6-by-default.sh: info: Getting the checksum of /etc/nginx/conf.d/default.conf
10-listen-on-ipv6-by-default.sh: info: Enabled listen on IPv6 in /etc/nginx/conf.d/default.conf
/docker-entrypoint.sh: Sourcing /docker-entrypoint.d/15-local-resolvers.envsh
/docker-entrypoint.sh: Launching /docker-entrypoint.d/20-envsubst-on-templates.sh
/docker-entrypoint.sh: Launching /docker-entrypoint.d/30-tune-worker-processes.sh
/docker-entrypoint.sh: Configuration complete; ready for start up
2025/06/09 04:19:53 [notice] 1#1: using the "epoll" event method
2025/06/09 04:19:53 [notice] 1#1: nginx/1.27.5
2025/06/09 04:19:53 [notice] 1#1: built by gcc 12.2.0 (Debian 12.2.0-14) 
2025/06/09 04:19:53 [notice] 1#1: OS: Linux 6.14.9-300.fc42.x86_64
2025/06/09 04:19:53 [notice] 1#1: getrlimit(RLIMIT_NOFILE): 1073741816:1073741816
2025/06/09 04:19:53 [notice] 1#1: start worker processes
2025/06/09 04:19:53 [notice] 1#1: start worker process 29
^C2025/06/09 04:20:01 [notice] 1#1: signal 2 (SIGINT) received, exiting
2025/06/09 04:20:01 [notice] 29#29: exiting
2025/06/09 04:20:01 [notice] 29#29: exit
2025/06/09 04:20:01 [notice] 1#1: signal 17 (SIGCHLD) received from 29
2025/06/09 04:20:01 [notice] 1#1: worker process 29 exited with code 0
2025/06/09 04:20:01 [notice] 1#1: exit
root@adsl-dynamic-ipv6:/home/rashmika# docker container -it webserver bash
unknown shorthand flag: 'i' in -it

Usage:  docker container

Run 'docker container --help' for more information
root@adsl-dynamic-ipv6:/home/rashmika# docker start webserver
webserver
root@adsl-dynamic-ipv6:/home/rashmika# docker container exec -it webserver bash
root@79fb67a33490:/# ls
bin  boot  dev	docker-entrypoint.d  docker-entrypoint.sh  etc	home  lib  lib64  media  mnt  opt  proc  root  run  sbin  srv  sys  tmp  usr  var
root@79fb67a33490:/# exit
exit
root@adsl-dynamic-ipv6:/home/rashmika# docker ps
CONTAINER ID   IMAGE     COMMAND                  CREATED      STATUS          PORTS                                     NAMES
79fb67a33490   nginx     "/docker-entrypoint.…"   2 days ago   Up 41 seconds   0.0.0.0:8080->80/tcp, [::]:8080->80/tcp   webserver
root@adsl-dynamic-ipv6:/home/rashmika# docker ps -a
CONTAINER ID   IMAGE         COMMAND                  CREATED          STATUS                      PORTS                                     NAMES
874fa916beb8   nginx         "/docker-entrypoint.…"   2 minutes ago    Exited (0) 2 minutes ago                                              dazzling_bouman
2e8a9037a6ed   nginx         "/docker-entrypoint.…"   17 minutes ago   Exited (0) 17 minutes ago                                             boring_cray
79fb67a33490   nginx         "/docker-entrypoint.…"   2 days ago       Up 50 seconds               0.0.0.0:8080->80/tcp, [::]:8080->80/tcp   webserver
4fc1c4c5be12   nginx         "/docker-entrypoint.…"   2 days ago       Exited (0) 2 days ago                                                 adoring_knuth
c59c046016d2   nginx         "/docker-entrypoint.…"   2 days ago       Exited (127) 2 days ago                                               boring_hodgkin
03fefa750bb8   nginx         "/docker-entrypoint.…"   2 days ago       Exited (0) 2 days ago                                                 optimistic_mcnulty
c2c0bf89a5a9   nginx         "/docker-entrypoint.…"   2 days ago       Exited (0) 2 days ago                                                 wizardly_jennings
1362307064d8   hello-world   "/hello"                 4 days ago       Exited (0) 4 days ago                                                 dreamy_galileo
root@adsl-dynamic-ipv6:/home/rashmika# docker stop webserver
webserver
root@adsl-dynamic-ipv6:/home/rashmika# docker ps
CONTAINER ID   IMAGE     COMMAND   CREATED   STATUS    PORTS     NAMES
root@adsl-dynamic-ipv6:/home/rashmika# docker ps -a
CONTAINER ID   IMAGE         COMMAND                  CREATED          STATUS                      PORTS     NAMES
874fa916beb8   nginx         "/docker-entrypoint.…"   3 minutes ago    Exited (0) 3 minutes ago              dazzling_bouman
2e8a9037a6ed   nginx         "/docker-entrypoint.…"   18 minutes ago   Exited (0) 17 minutes ago             boring_cray
79fb67a33490   nginx         "/docker-entrypoint.…"   2 days ago       Exited (0) 17 seconds ago             webserver
4fc1c4c5be12   nginx         "/docker-entrypoint.…"   2 days ago       Exited (0) 2 days ago                 adoring_knuth
c59c046016d2   nginx         "/docker-entrypoint.…"   2 days ago       Exited (127) 2 days ago               boring_hodgkin
03fefa750bb8   nginx         "/docker-entrypoint.…"   2 days ago       Exited (0) 2 days ago                 optimistic_mcnulty
c2c0bf89a5a9   nginx         "/docker-entrypoint.…"   2 days ago       Exited (0) 2 days ago                 wizardly_jennings
1362307064d8   hello-world   "/hello"                 4 days ago       Exited (0) 4 days ago                 dreamy_galileo
root@adsl-dynamic-ipv6:/home/rashmika# ^C
root@adsl-dynamic-ipv6:/home/rashmika# ^C
root@adsl-dynamic-ipv6:/home/rashmika# ^C
root@adsl-dynamic-ipv6:/home/rashmika# ^C
root@adsl-dynamic-ipv6:/home/rashmika# ^C
root@adsl-dynamic-ipv6:/home/rashmika# ^C
root@adsl-dynamic-ipv6:/home/rashmika# ^C
root@adsl-dynamic-ipv6:/home/rashmika# ^C
root@adsl-dynamic-ipv6:/home/rashmika# ^C
root@adsl-dynamic-ipv6:/home/rashmika# ^C
root@adsl-dynamic-ipv6:/home/rashmika# ^C
root@adsl-dynamic-ipv6:/home/rashmika# docker volume create myvol1 
myvol1
root@adsl-dynamic-ipv6:/home/rashmika# docker volume inspect myvol1
[
    {
        "CreatedAt": "2025-06-09T12:12:56+05:30",
        "Driver": "local",
        "Labels": null,
        "Mountpoint": "/var/lib/docker/volumes/myvol1/_data",
        "Name": "myvol1",
        "Options": null,
        "Scope": "local"
    }
]
root@adsl-dynamic-ipv6:/home/rashmika# docker run -d --name devtest -v myvol1:/app nginx:latest
82b54136f9c806f539e2f6fd1d07eaf4644e5c04546811c283741fab6d01488e
root@adsl-dynamic-ipv6:/home/rashmika# docker volume inspect myvol1
[
    {
        "CreatedAt": "2025-06-09T12:12:56+05:30",
        "Driver": "local",
        "Labels": null,
        "Mountpoint": "/var/lib/docker/volumes/myvol1/_data",
        "Name": "myvol1",
        "Options": null,
        "Scope": "local"
    }
]
root@adsl-dynamic-ipv6:/home/rashmika# docker container exec -it devtest bash
root@82b54136f9c8:/# ls
app  boot  docker-entrypoint.d	 etc   lib    media  opt   root  sbin  sys  usr
bin  dev   docker-entrypoint.sh  home  lib64  mnt    proc  run	 srv   tmp  var
root@82b54136f9c8:/# ls docker-entrypoint.d
10-listen-on-ipv6-by-default.sh  15-local-resolvers.envsh  20-envsubst-on-templates.sh	30-tune-worker-processes.sh
root@82b54136f9c8:/# ls app
root@82b54136f9c8:/# exit
exit
root@adsl-dynamic-ipv6:/home/rashmika# docker -run -d --name devtest -v /home/rashmika/Documents
unknown shorthand flag: 'r' in -run

Usage:  docker [OPTIONS] COMMAND [ARG...]

Run 'docker --help' for more information
root@adsl-dynamic-ipv6:/home/rashmika# docker run -d --name devtest -v /home/rashmika/Documents
docker: 'docker run' requires at least 1 argument

Usage:  docker run [OPTIONS] IMAGE [COMMAND] [ARG...]

See 'docker run --help' for more information
root@adsl-dynamic-ipv6:/home/rashmika# mkdir /home/rashmika/Document 
root@adsl-dynamic-ipv6:/home/rashmika# ll
total 0
drwxr-xr-x. 1 rashmika rashmika   0 May 29 11:20 Desktop
drwxr-xr-x. 1 root     root       0 Jun  9 12:30 Document
drwxr-xr-x. 1 rashmika rashmika  30 Jun  3 14:55 Documents
drwxr-xr-x. 1 rashmika rashmika 104 Jun  2 10:00 Downloads
drwxr-xr-x. 1 rashmika rashmika   0 Jun  2 11:55 Media
drwxr-xr-x. 1 rashmika rashmika   0 May 29 11:20 Music
drwxr-xr-x. 1 rashmika rashmika   0 May 29 11:20 Pictures
drwxr-xr-x. 1 rashmika rashmika   0 May 29 11:20 Public
drwxr-xr-x. 1 rashmika rashmika   0 May 29 11:20 Templates
drwxr-xr-x. 1 rashmika rashmika   0 May 29 11:20 Videos
root@adsl-dynamic-ipv6:/home/rashmika# rmdir Document
root@adsl-dynamic-ipv6:/home/rashmika# ll
total 0
drwxr-xr-x. 1 rashmika rashmika   0 May 29 11:20 Desktop
drwxr-xr-x. 1 rashmika rashmika  30 Jun  3 14:55 Documents
drwxr-xr-x. 1 rashmika rashmika 104 Jun  2 10:00 Downloads
drwxr-xr-x. 1 rashmika rashmika   0 Jun  2 11:55 Media
drwxr-xr-x. 1 rashmika rashmika   0 May 29 11:20 Music
drwxr-xr-x. 1 rashmika rashmika   0 May 29 11:20 Pictures
drwxr-xr-x. 1 rashmika rashmika   0 May 29 11:20 Public
drwxr-xr-x. 1 rashmika rashmika   0 May 29 11:20 Templates
drwxr-xr-x. 1 rashmika rashmika   0 May 29 11:20 Videos
root@adsl-dynamic-ipv6:/home/rashmika# mkdir /home/rashmika/Documents/testdata 
root@adsl-dynamic-ipv6:/home/rashmika# echo "Hello Docker" > /home/rashmika/Documents/testdata/hello.txt
root@adsl-dynamic-ipv6:/home/rashmika# cd /home/rashmika/Documents/testdata 
root@adsl-dynamic-ipv6:/home/rashmika/Documents/testdata# ll
total 4
-rw-r--r--. 1 root root 13 Jun  9 12:33 hello.txt
root@adsl-dynamic-ipv6:/home/rashmika/Documents/testdata# docker run -d --name devtest -v /home/rashmika/Documents/testdata nginx:latest
docker: Error response from daemon: Conflict. The container name "/devtest" is already in use by container "82b54136f9c806f539e2f6fd1d07eaf4644e5c04546811c283741fab6d01488e". You have to remove (or rename) that container to be able to reuse that name.

Run 'docker run --help' for more information
root@adsl-dynamic-ipv6:/home/rashmika/Documents/testdata# docker run -d --name devtest1 -v /home/rashmika/Documents/testdata nginx:latest
2cc6c00c2ff4953910238adaf3d1e882eceb6f90a88d09af93f5b4d882771865
root@adsl-dynamic-ipv6:/home/rashmika/Documents/testdata# docker volume inspect devtest1
[]
Error response from daemon: get devtest1: no such volume
root@adsl-dynamic-ipv6:/home/rashmika/Documents/testdata# docker volume inspect devtest
[]
Error response from daemon: get devtest: no such volume
root@adsl-dynamic-ipv6:/home/rashmika/Documents/testdata# docker volume inspect myvol
[]
Error response from daemon: get myvol: no such volume
root@adsl-dynamic-ipv6:/home/rashmika/Documents/testdata# docker volume inspect myvol1
[
    {
        "CreatedAt": "2025-06-09T12:12:56+05:30",
        "Driver": "local",
        "Labels": null,
        "Mountpoint": "/var/lib/docker/volumes/myvol1/_data",
        "Name": "myvol1",
        "Options": null,
        "Scope": "local"
    }
]
root@adsl-dynamic-ipv6:/home/rashmika/Documents/testdata# create volume myvol
bash: create: command not found...
^[[A^[[Aroot@adsl-dynamic-ipv6:/home/rashmika/Documents/testdata# docker create volume myvol
Unable to find image 'volume:latest' locally
Error response from daemon: pull access denied for volume, repository does not exist or may require 'docker login': denied: requested access to the resource is denied
root@adsl-dynamic-ipv6:/home/rashmika/Documents/testdata# docker run -d --name devtest1 -v myvol: /home/rashmika/Documents/testdata nginx:latest
docker: invalid spec: myvol:: empty section between colons

Run 'docker run --help' for more information
root@adsl-dynamic-ipv6:/home/rashmika/Documents/testdata# docker run -d --name devtest1 -v myvol:/home/rashmika/Documents/testdata nginx:latest
docker: Error response from daemon: Conflict. The container name "/devtest1" is already in use by container "2cc6c00c2ff4953910238adaf3d1e882eceb6f90a88d09af93f5b4d882771865". You have to remove (or rename) that container to be able to reuse that name.

Run 'docker run --help' for more information
root@adsl-dynamic-ipv6:/home/rashmika/Documents/testdata# docker rm devtest1
Error response from daemon: cannot remove container "devtest1": container is running: stop the container before removing or force remove
root@adsl-dynamic-ipv6:/home/rashmika/Documents/testdata# docker stop  devtest1
devtest1
root@adsl-dynamic-ipv6:/home/rashmika/Documents/testdata# docker ps
CONTAINER ID   IMAGE          COMMAND                  CREATED          STATUS          PORTS     NAMES
82b54136f9c8   nginx:latest   "/docker-entrypoint.…"   28 minutes ago   Up 28 minutes   80/tcp    devtest
root@adsl-dynamic-ipv6:/home/rashmika/Documents/testdata# docker ps -a
CONTAINER ID   IMAGE          COMMAND                  CREATED          STATUS                      PORTS     NAMES
2cc6c00c2ff4   nginx:latest   "/docker-entrypoint.…"   7 minutes ago    Exited (0) 37 seconds ago             devtest1
82b54136f9c8   nginx:latest   "/docker-entrypoint.…"   28 minutes ago   Up 28 minutes               80/tcp    devtest
874fa916beb8   nginx          "/docker-entrypoint.…"   3 hours ago      Exited (0) 3 hours ago                dazzling_bouman
2e8a9037a6ed   nginx          "/docker-entrypoint.…"   3 hours ago      Exited (0) 3 hours ago                boring_cray
79fb67a33490   nginx          "/docker-entrypoint.…"   2 days ago       Exited (0) 3 hours ago                webserver
4fc1c4c5be12   nginx          "/docker-entrypoint.…"   2 days ago       Exited (0) 2 days ago                 adoring_knuth
c59c046016d2   nginx          "/docker-entrypoint.…"   2 days ago       Exited (127) 2 days ago               boring_hodgkin
03fefa750bb8   nginx          "/docker-entrypoint.…"   2 days ago       Exited (0) 2 days ago                 optimistic_mcnulty
c2c0bf89a5a9   nginx          "/docker-entrypoint.…"   2 days ago       Exited (0) 2 days ago                 wizardly_jennings
1362307064d8   hello-world    "/hello"                 4 days ago       Exited (0) 4 days ago                 dreamy_galileo
root@adsl-dynamic-ipv6:/home/rashmika/Documents/testdata# docker rm devtest1
devtest1
root@adsl-dynamic-ipv6:/home/rashmika/Documents/testdata# docker ps -a 
CONTAINER ID   IMAGE          COMMAND                  CREATED          STATUS                    PORTS     NAMES
82b54136f9c8   nginx:latest   "/docker-entrypoint.…"   30 minutes ago   Up 30 minutes             80/tcp    devtest
874fa916beb8   nginx          "/docker-entrypoint.…"   3 hours ago      Exited (0) 3 hours ago              dazzling_bouman
2e8a9037a6ed   nginx          "/docker-entrypoint.…"   3 hours ago      Exited (0) 3 hours ago              boring_cray
79fb67a33490   nginx          "/docker-entrypoint.…"   2 days ago       Exited (0) 3 hours ago              webserver
4fc1c4c5be12   nginx          "/docker-entrypoint.…"   2 days ago       Exited (0) 2 days ago               adoring_knuth
c59c046016d2   nginx          "/docker-entrypoint.…"   2 days ago       Exited (127) 2 days ago             boring_hodgkin
03fefa750bb8   nginx          "/docker-entrypoint.…"   2 days ago       Exited (0) 2 days ago               optimistic_mcnulty
c2c0bf89a5a9   nginx          "/docker-entrypoint.…"   2 days ago       Exited (0) 2 days ago               wizardly_jennings
1362307064d8   hello-world    "/hello"                 4 days ago       Exited (0) 4 days ago               dreamy_galileo
root@adsl-dynamic-ipv6:/home/rashmika/Documents/testdata# docker run -d --name devtest1 -v myvol:/home/rashmika/Documents/testdata nginx:latest
5368d41673d62a70a9a6f218beeb56d3b64fa48a851e8d663da2098a1b1c8b64
root@adsl-dynamic-ipv6:/home/rashmika/Documents/testdata# docker ps 
CONTAINER ID   IMAGE          COMMAND                  CREATED          STATUS          PORTS     NAMES
5368d41673d6   nginx:latest   "/docker-entrypoint.…"   11 seconds ago   Up 10 seconds   80/tcp    devtest1
82b54136f9c8   nginx:latest   "/docker-entrypoint.…"   30 minutes ago   Up 30 minutes   80/tcp    devtest
root@adsl-dynamic-ipv6:/home/rashmika/Documents/testdata# docker volume inspect myvol
[
    {
        "CreatedAt": "2025-06-09T12:46:48+05:30",
        "Driver": "local",
        "Labels": null,
        "Mountpoint": "/var/lib/docker/volumes/myvol/_data",
        "Name": "myvol",
        "Options": null,
        "Scope": "local"
    }
]
root@adsl-dynamic-ipv6:/home/rashmika/Documents/testdata# docker inspect devtest1 
[
    {
        "Id": "5368d41673d62a70a9a6f218beeb56d3b64fa48a851e8d663da2098a1b1c8b64",
        "Created": "2025-06-09T07:16:48.034035001Z",
        "Path": "/docker-entrypoint.sh",
        "Args": [
            "nginx",
            "-g",
            "daemon off;"
        ],
        "State": {
            "Status": "running",
            "Running": true,
            "Paused": false,
            "Restarting": false,
            "OOMKilled": false,
            "Dead": false,
            "Pid": 14201,
            "ExitCode": 0,
            "Error": "",
            "StartedAt": "2025-06-09T07:16:48.810852731Z",
            "FinishedAt": "0001-01-01T00:00:00Z"
        },
        "Image": "sha256:be69f2940aaf64fdf50c9c99420cbd57e10ee655ec7204df1c407e9af63d0cc1",
        "ResolvConfPath": "/var/lib/docker/containers/5368d41673d62a70a9a6f218beeb56d3b64fa48a851e8d663da2098a1b1c8b64/resolv.conf",
        "HostnamePath": "/var/lib/docker/containers/5368d41673d62a70a9a6f218beeb56d3b64fa48a851e8d663da2098a1b1c8b64/hostname",
        "HostsPath": "/var/lib/docker/containers/5368d41673d62a70a9a6f218beeb56d3b64fa48a851e8d663da2098a1b1c8b64/hosts",
        "LogPath": "/var/lib/docker/containers/5368d41673d62a70a9a6f218beeb56d3b64fa48a851e8d663da2098a1b1c8b64/5368d41673d62a70a9a6f218beeb56d3b64fa48a851e8d663da2098a1b1c8b64-json.log",
        "Name": "/devtest1",
        "RestartCount": 0,
        "Driver": "overlay2",
        "Platform": "linux",
        "MountLabel": "",
        "ProcessLabel": "",
        "AppArmorProfile": "",
        "ExecIDs": null,
        "HostConfig": {
            "Binds": [
                "myvol:/home/rashmika/Documents/testdata"
            ],
            "ContainerIDFile": "",
            "LogConfig": {
                "Type": "json-file",
                "Config": {}
            },
            "NetworkMode": "bridge",
            "PortBindings": {},
            "RestartPolicy": {
                "Name": "no",
                "MaximumRetryCount": 0
            },
            "AutoRemove": false,
            "VolumeDriver": "",
            "VolumesFrom": null,
            "ConsoleSize": [
                28,
                150
            ],
            "CapAdd": null,
            "CapDrop": null,
            "CgroupnsMode": "private",
            "Dns": [],
            "DnsOptions": [],
            "DnsSearch": [],
            "ExtraHosts": null,
            "GroupAdd": null,
            "IpcMode": "private",
            "Cgroup": "",
            "Links": null,
            "OomScoreAdj": 0,
            "PidMode": "",
            "Privileged": false,
            "PublishAllPorts": false,
            "ReadonlyRootfs": false,
            "SecurityOpt": null,
            "UTSMode": "",
            "UsernsMode": "",
            "ShmSize": 67108864,
            "Runtime": "runc",
            "Isolation": "",
            "CpuShares": 0,
            "Memory": 0,
            "NanoCpus": 0,
            "CgroupParent": "",
            "BlkioWeight": 0,
            "BlkioWeightDevice": [],
            "BlkioDeviceReadBps": [],
            "BlkioDeviceWriteBps": [],
            "BlkioDeviceReadIOps": [],
            "BlkioDeviceWriteIOps": [],
            "CpuPeriod": 0,
            "CpuQuota": 0,
            "CpuRealtimePeriod": 0,
            "CpuRealtimeRuntime": 0,
            "CpusetCpus": "",
            "CpusetMems": "",
            "Devices": [],
            "DeviceCgroupRules": null,
            "DeviceRequests": null,
            "MemoryReservation": 0,
            "MemorySwap": 0,
            "MemorySwappiness": null,
            "OomKillDisable": null,
            "PidsLimit": null,
            "Ulimits": [],
            "CpuCount": 0,
            "CpuPercent": 0,
            "IOMaximumIOps": 0,
            "IOMaximumBandwidth": 0,
            "MaskedPaths": [
                "/proc/asound",
                "/proc/acpi",
                "/proc/interrupts",
                "/proc/kcore",
                "/proc/keys",
                "/proc/latency_stats",
                "/proc/timer_list",
                "/proc/timer_stats",
                "/proc/sched_debug",
                "/proc/scsi",
                "/sys/firmware",
                "/sys/devices/virtual/powercap"
            ],
            "ReadonlyPaths": [
                "/proc/bus",
                "/proc/fs",
                "/proc/irq",
                "/proc/sys",
                "/proc/sysrq-trigger"
            ]
        },
        "GraphDriver": {
            "Data": {
                "ID": "5368d41673d62a70a9a6f218beeb56d3b64fa48a851e8d663da2098a1b1c8b64",
                "LowerDir": "/var/lib/docker/overlay2/ff787a68be02b4d9a161758889e40c64916ed1ce7652698a4b09b45e3b02b795-init/diff:/var/lib/docker/overlay2/620a0f43f15b25db1b34e8eca2299e25f7cbf044f459896c85fe647e9d19b91a/diff:/var/lib/docker/overlay2/4ddcce6b4543c60c15ed675d9d7baf002eca897183f4d96da330dc4a8d6838d2/diff:/var/lib/docker/overlay2/a05057923b7e4ae5a10d2f17482ab6b6d151db2267496573a9a44e808bd052c4/diff:/var/lib/docker/overlay2/f17b4f5bf842d7d55103f933ddbf0e25647214f5ca5a63b6931ce64c2e730c0e/diff:/var/lib/docker/overlay2/a2b147aa79b9d7b59df046c8e275bb5dcf9aedfafe4c8de993474e1daea9fa51/diff:/var/lib/docker/overlay2/41820fbb523da8439b963ee0d0d467794aab9c16d21c91615abcdca2008093bb/diff:/var/lib/docker/overlay2/146f140d1514405ab1027447dc632e84d4e35ae68fe6802efdd195d6e5dc5805/diff",
                "MergedDir": "/var/lib/docker/overlay2/ff787a68be02b4d9a161758889e40c64916ed1ce7652698a4b09b45e3b02b795/merged",
                "UpperDir": "/var/lib/docker/overlay2/ff787a68be02b4d9a161758889e40c64916ed1ce7652698a4b09b45e3b02b795/diff",
                "WorkDir": "/var/lib/docker/overlay2/ff787a68be02b4d9a161758889e40c64916ed1ce7652698a4b09b45e3b02b795/work"
            },
            "Name": "overlay2"
        },
        "Mounts": [
            {
                "Type": "volume",
                "Name": "myvol",
                "Source": "/var/lib/docker/volumes/myvol/_data",
                "Destination": "/home/rashmika/Documents/testdata",
                "Driver": "local",
                "Mode": "z",
                "RW": true,
                "Propagation": ""
            }
        ],
        "Config": {
            "Hostname": "5368d41673d6",
            "Domainname": "",
            "User": "",
            "AttachStdin": false,
            "AttachStdout": false,
            "AttachStderr": false,
            "ExposedPorts": {
                "80/tcp": {}
            },
            "Tty": false,
            "OpenStdin": false,
            "StdinOnce": false,
            "Env": [
                "PATH=/usr/local/sbin:/usr/local/bin:/usr/sbin:/usr/bin:/sbin:/bin",
                "NGINX_VERSION=1.27.5",
                "NJS_VERSION=0.8.10",
                "NJS_RELEASE=1~bookworm",
                "PKG_RELEASE=1~bookworm",
                "DYNPKG_RELEASE=1~bookworm"
            ],
            "Cmd": [
                "nginx",
                "-g",
                "daemon off;"
            ],
            "Image": "nginx:latest",
            "Volumes": null,
            "WorkingDir": "",
            "Entrypoint": [
                "/docker-entrypoint.sh"
            ],
            "OnBuild": null,
            "Labels": {
                "maintainer": "NGINX Docker Maintainers <docker-maint@nginx.com>"
            },
            "StopSignal": "SIGQUIT"
        },
        "NetworkSettings": {
            "Bridge": "",
            "SandboxID": "5a89d6b056f77fe854967e3817441f91189e36c7b8f65aff97094c384dcc3407",
            "SandboxKey": "/var/run/docker/netns/5a89d6b056f7",
            "Ports": {
                "80/tcp": null
            },
            "HairpinMode": false,
            "LinkLocalIPv6Address": "",
            "LinkLocalIPv6PrefixLen": 0,
            "SecondaryIPAddresses": null,
            "SecondaryIPv6Addresses": null,
            "EndpointID": "ffcc4b00b1a3eafc03ae8a9b0dab81da4582bba6d9685001519df9008012a225",
            "Gateway": "172.17.0.1",
            "GlobalIPv6Address": "",
            "GlobalIPv6PrefixLen": 0,
            "IPAddress": "172.17.0.3",
            "IPPrefixLen": 16,
            "IPv6Gateway": "",
            "MacAddress": "52:7a:92:5a:be:62",
            "Networks": {
                "bridge": {
                    "IPAMConfig": null,
                    "Links": null,
                    "Aliases": null,
                    "MacAddress": "52:7a:92:5a:be:62",
                    "DriverOpts": null,
                    "GwPriority": 0,
                    "NetworkID": "88e8e06af2cd0335ad5b0b6d4ad3f83c7453795587a150f3a4cdff974801f059",
                    "EndpointID": "ffcc4b00b1a3eafc03ae8a9b0dab81da4582bba6d9685001519df9008012a225",
                    "Gateway": "172.17.0.1",
                    "IPAddress": "172.17.0.3",
                    "IPPrefixLen": 16,
                    "IPv6Gateway": "",
                    "GlobalIPv6Address": "",
                    "GlobalIPv6PrefixLen": 0,
                    "DNSNames": null
                }
            }
        }
    }
]
root@adsl-dynamic-ipv6:/home/rashmika/Documents/testdata# docker inspect devtest 
[
    {
        "Id": "82b54136f9c806f539e2f6fd1d07eaf4644e5c04546811c283741fab6d01488e",
        "Created": "2025-06-09T06:46:15.785521919Z",
        "Path": "/docker-entrypoint.sh",
        "Args": [
            "nginx",
            "-g",
            "daemon off;"
        ],
        "State": {
            "Status": "running",
            "Running": true,
            "Paused": false,
            "Restarting": false,
            "OOMKilled": false,
            "Dead": false,
            "Pid": 12428,
            "ExitCode": 0,
            "Error": "",
            "StartedAt": "2025-06-09T06:46:16.083045031Z",
            "FinishedAt": "0001-01-01T00:00:00Z"
        },
        "Image": "sha256:be69f2940aaf64fdf50c9c99420cbd57e10ee655ec7204df1c407e9af63d0cc1",
        "ResolvConfPath": "/var/lib/docker/containers/82b54136f9c806f539e2f6fd1d07eaf4644e5c04546811c283741fab6d01488e/resolv.conf",
        "HostnamePath": "/var/lib/docker/containers/82b54136f9c806f539e2f6fd1d07eaf4644e5c04546811c283741fab6d01488e/hostname",
        "HostsPath": "/var/lib/docker/containers/82b54136f9c806f539e2f6fd1d07eaf4644e5c04546811c283741fab6d01488e/hosts",
        "LogPath": "/var/lib/docker/containers/82b54136f9c806f539e2f6fd1d07eaf4644e5c04546811c283741fab6d01488e/82b54136f9c806f539e2f6fd1d07eaf4644e5c04546811c283741fab6d01488e-json.log",
        "Name": "/devtest",
        "RestartCount": 0,
        "Driver": "overlay2",
        "Platform": "linux",
        "MountLabel": "",
        "ProcessLabel": "",
        "AppArmorProfile": "",
        "ExecIDs": null,
        "HostConfig": {
            "Binds": [
                "myvol1:/app"
            ],
            "ContainerIDFile": "",
            "LogConfig": {
                "Type": "json-file",
                "Config": {}
            },
            "NetworkMode": "bridge",
            "PortBindings": {},
            "RestartPolicy": {
                "Name": "no",
                "MaximumRetryCount": 0
            },
            "AutoRemove": false,
            "VolumeDriver": "",
            "VolumesFrom": null,
            "ConsoleSize": [
                28,
                150
            ],
            "CapAdd": null,
            "CapDrop": null,
            "CgroupnsMode": "private",
            "Dns": [],
            "DnsOptions": [],
            "DnsSearch": [],
            "ExtraHosts": null,
            "GroupAdd": null,
            "IpcMode": "private",
            "Cgroup": "",
            "Links": null,
            "OomScoreAdj": 0,
            "PidMode": "",
            "Privileged": false,
            "PublishAllPorts": false,
            "ReadonlyRootfs": false,
            "SecurityOpt": null,
            "UTSMode": "",
            "UsernsMode": "",
            "ShmSize": 67108864,
            "Runtime": "runc",
            "Isolation": "",
            "CpuShares": 0,
            "Memory": 0,
            "NanoCpus": 0,
            "CgroupParent": "",
            "BlkioWeight": 0,
            "BlkioWeightDevice": [],
            "BlkioDeviceReadBps": [],
            "BlkioDeviceWriteBps": [],
            "BlkioDeviceReadIOps": [],
            "BlkioDeviceWriteIOps": [],
            "CpuPeriod": 0,
            "CpuQuota": 0,
            "CpuRealtimePeriod": 0,
            "CpuRealtimeRuntime": 0,
            "CpusetCpus": "",
            "CpusetMems": "",
            "Devices": [],
            "DeviceCgroupRules": null,
            "DeviceRequests": null,
            "MemoryReservation": 0,
            "MemorySwap": 0,
            "MemorySwappiness": null,
            "OomKillDisable": null,
            "PidsLimit": null,
            "Ulimits": [],
            "CpuCount": 0,
            "CpuPercent": 0,
            "IOMaximumIOps": 0,
            "IOMaximumBandwidth": 0,
            "MaskedPaths": [
                "/proc/asound",
                "/proc/acpi",
                "/proc/interrupts",
                "/proc/kcore",
                "/proc/keys",
                "/proc/latency_stats",
                "/proc/timer_list",
                "/proc/timer_stats",
                "/proc/sched_debug",
                "/proc/scsi",
                "/sys/firmware",
                "/sys/devices/virtual/powercap"
            ],
            "ReadonlyPaths": [
                "/proc/bus",
                "/proc/fs",
                "/proc/irq",
                "/proc/sys",
                "/proc/sysrq-trigger"
            ]
        },
        "GraphDriver": {
            "Data": {
                "ID": "82b54136f9c806f539e2f6fd1d07eaf4644e5c04546811c283741fab6d01488e",
                "LowerDir": "/var/lib/docker/overlay2/7a315999cbd529dd403ed913355ce0f1cae719ec38218a2465d6ff76bc607ae0-init/diff:/var/lib/docker/overlay2/620a0f43f15b25db1b34e8eca2299e25f7cbf044f459896c85fe647e9d19b91a/diff:/var/lib/docker/overlay2/4ddcce6b4543c60c15ed675d9d7baf002eca897183f4d96da330dc4a8d6838d2/diff:/var/lib/docker/overlay2/a05057923b7e4ae5a10d2f17482ab6b6d151db2267496573a9a44e808bd052c4/diff:/var/lib/docker/overlay2/f17b4f5bf842d7d55103f933ddbf0e25647214f5ca5a63b6931ce64c2e730c0e/diff:/var/lib/docker/overlay2/a2b147aa79b9d7b59df046c8e275bb5dcf9aedfafe4c8de993474e1daea9fa51/diff:/var/lib/docker/overlay2/41820fbb523da8439b963ee0d0d467794aab9c16d21c91615abcdca2008093bb/diff:/var/lib/docker/overlay2/146f140d1514405ab1027447dc632e84d4e35ae68fe6802efdd195d6e5dc5805/diff",
                "MergedDir": "/var/lib/docker/overlay2/7a315999cbd529dd403ed913355ce0f1cae719ec38218a2465d6ff76bc607ae0/merged",
                "UpperDir": "/var/lib/docker/overlay2/7a315999cbd529dd403ed913355ce0f1cae719ec38218a2465d6ff76bc607ae0/diff",
                "WorkDir": "/var/lib/docker/overlay2/7a315999cbd529dd403ed913355ce0f1cae719ec38218a2465d6ff76bc607ae0/work"
            },
            "Name": "overlay2"
        },
        "Mounts": [
            {
                "Type": "volume",
                "Name": "myvol1",
                "Source": "/var/lib/docker/volumes/myvol1/_data",
                "Destination": "/app",
                "Driver": "local",
                "Mode": "z",
                "RW": true,
                "Propagation": ""
            }
        ],
        "Config": {
            "Hostname": "82b54136f9c8",
            "Domainname": "",
            "User": "",
            "AttachStdin": false,
            "AttachStdout": false,
            "AttachStderr": false,
            "ExposedPorts": {
                "80/tcp": {}
            },
            "Tty": false,
            "OpenStdin": false,
            "StdinOnce": false,
            "Env": [
                "PATH=/usr/local/sbin:/usr/local/bin:/usr/sbin:/usr/bin:/sbin:/bin",
                "NGINX_VERSION=1.27.5",
                "NJS_VERSION=0.8.10",
                "NJS_RELEASE=1~bookworm",
                "PKG_RELEASE=1~bookworm",
                "DYNPKG_RELEASE=1~bookworm"
            ],
            "Cmd": [
                "nginx",
                "-g",
                "daemon off;"
            ],
            "Image": "nginx:latest",
            "Volumes": null,
            "WorkingDir": "",
            "Entrypoint": [
                "/docker-entrypoint.sh"
            ],
            "OnBuild": null,
            "Labels": {
                "maintainer": "NGINX Docker Maintainers <docker-maint@nginx.com>"
            },
            "StopSignal": "SIGQUIT"
        },
        "NetworkSettings": {
            "Bridge": "",
            "SandboxID": "f9e6ba06016e754d28e99f362a86550142d48fd0b6802db30a0b35bfe936f1ff",
            "SandboxKey": "/var/run/docker/netns/f9e6ba06016e",
            "Ports": {
                "80/tcp": null
            },
            "HairpinMode": false,
            "LinkLocalIPv6Address": "",
            "LinkLocalIPv6PrefixLen": 0,
            "SecondaryIPAddresses": null,
            "SecondaryIPv6Addresses": null,
            "EndpointID": "b6b882384540e9b727c3065a4c9ca391adbf37e3aabea94e117ea231e1fd0d41",
            "Gateway": "172.17.0.1",
            "GlobalIPv6Address": "",
            "GlobalIPv6PrefixLen": 0,
            "IPAddress": "172.17.0.2",
            "IPPrefixLen": 16,
            "IPv6Gateway": "",
            "MacAddress": "92:15:40:ed:ff:a5",
            "Networks": {
                "bridge": {
                    "IPAMConfig": null,
                    "Links": null,
                    "Aliases": null,
                    "MacAddress": "92:15:40:ed:ff:a5",
                    "DriverOpts": null,
                    "GwPriority": 0,
                    "NetworkID": "88e8e06af2cd0335ad5b0b6d4ad3f83c7453795587a150f3a4cdff974801f059",
                    "EndpointID": "b6b882384540e9b727c3065a4c9ca391adbf37e3aabea94e117ea231e1fd0d41",
                    "Gateway": "172.17.0.1",
                    "IPAddress": "172.17.0.2",
                    "IPPrefixLen": 16,
                    "IPv6Gateway": "",
                    "GlobalIPv6Address": "",
                    "GlobalIPv6PrefixLen": 0,
                    "DNSNames": null
                }
            }
        }
    }
]
root@adsl-dynamic-ipv6:/home/rashmika/Documents/testdata# cd
root@adsl-dynamic-ipv6:~# docker inspect devtest 
[
    {
        "Id": "82b54136f9c806f539e2f6fd1d07eaf4644e5c04546811c283741fab6d01488e",
        "Created": "2025-06-09T06:46:15.785521919Z",
        "Path": "/docker-entrypoint.sh",
        "Args": [
            "nginx",
            "-g",
            "daemon off;"
        ],
        "State": {
            "Status": "running",
            "Running": true,
            "Paused": false,
            "Restarting": false,
            "OOMKilled": false,
            "Dead": false,
            "Pid": 12428,
            "ExitCode": 0,
            "Error": "",
            "StartedAt": "2025-06-09T06:46:16.083045031Z",
            "FinishedAt": "0001-01-01T00:00:00Z"
        },
        "Image": "sha256:be69f2940aaf64fdf50c9c99420cbd57e10ee655ec7204df1c407e9af63d0cc1",
        "ResolvConfPath": "/var/lib/docker/containers/82b54136f9c806f539e2f6fd1d07eaf4644e5c04546811c283741fab6d01488e/resolv.conf",
        "HostnamePath": "/var/lib/docker/containers/82b54136f9c806f539e2f6fd1d07eaf4644e5c04546811c283741fab6d01488e/hostname",
        "HostsPath": "/var/lib/docker/containers/82b54136f9c806f539e2f6fd1d07eaf4644e5c04546811c283741fab6d01488e/hosts",
        "LogPath": "/var/lib/docker/containers/82b54136f9c806f539e2f6fd1d07eaf4644e5c04546811c283741fab6d01488e/82b54136f9c806f539e2f6fd1d07eaf4644e5c04546811c283741fab6d01488e-json.log",
        "Name": "/devtest",
        "RestartCount": 0,
        "Driver": "overlay2",
        "Platform": "linux",
        "MountLabel": "",
        "ProcessLabel": "",
        "AppArmorProfile": "",
        "ExecIDs": null,
        "HostConfig": {
            "Binds": [
                "myvol1:/app"
            ],
            "ContainerIDFile": "",
            "LogConfig": {
                "Type": "json-file",
                "Config": {}
            },
            "NetworkMode": "bridge",
            "PortBindings": {},
            "RestartPolicy": {
                "Name": "no",
                "MaximumRetryCount": 0
            },
            "AutoRemove": false,
            "VolumeDriver": "",
            "VolumesFrom": null,
            "ConsoleSize": [
                28,
                150
            ],
            "CapAdd": null,
            "CapDrop": null,
            "CgroupnsMode": "private",
            "Dns": [],
            "DnsOptions": [],
            "DnsSearch": [],
            "ExtraHosts": null,
            "GroupAdd": null,
            "IpcMode": "private",
            "Cgroup": "",
            "Links": null,
            "OomScoreAdj": 0,
            "PidMode": "",
            "Privileged": false,
            "PublishAllPorts": false,
            "ReadonlyRootfs": false,
            "SecurityOpt": null,
            "UTSMode": "",
            "UsernsMode": "",
            "ShmSize": 67108864,
            "Runtime": "runc",
            "Isolation": "",
            "CpuShares": 0,
            "Memory": 0,
            "NanoCpus": 0,
            "CgroupParent": "",
            "BlkioWeight": 0,
            "BlkioWeightDevice": [],
            "BlkioDeviceReadBps": [],
            "BlkioDeviceWriteBps": [],
            "BlkioDeviceReadIOps": [],
            "BlkioDeviceWriteIOps": [],
            "CpuPeriod": 0,
            "CpuQuota": 0,
            "CpuRealtimePeriod": 0,
            "CpuRealtimeRuntime": 0,
            "CpusetCpus": "",
            "CpusetMems": "",
            "Devices": [],
            "DeviceCgroupRules": null,
            "DeviceRequests": null,
            "MemoryReservation": 0,
            "MemorySwap": 0,
            "MemorySwappiness": null,
            "OomKillDisable": null,
            "PidsLimit": null,
            "Ulimits": [],
            "CpuCount": 0,
            "CpuPercent": 0,
            "IOMaximumIOps": 0,
            "IOMaximumBandwidth": 0,
            "MaskedPaths": [
                "/proc/asound",
                "/proc/acpi",
                "/proc/interrupts",
                "/proc/kcore",
                "/proc/keys",
                "/proc/latency_stats",
                "/proc/timer_list",
                "/proc/timer_stats",
                "/proc/sched_debug",
                "/proc/scsi",
                "/sys/firmware",
                "/sys/devices/virtual/powercap"
            ],
            "ReadonlyPaths": [
                "/proc/bus",
                "/proc/fs",
                "/proc/irq",
                "/proc/sys",
                "/proc/sysrq-trigger"
            ]
        },
        "GraphDriver": {
            "Data": {
                "ID": "82b54136f9c806f539e2f6fd1d07eaf4644e5c04546811c283741fab6d01488e",
                "LowerDir": "/var/lib/docker/overlay2/7a315999cbd529dd403ed913355ce0f1cae719ec38218a2465d6ff76bc607ae0-init/diff:/var/lib/docker/overlay2/620a0f43f15b25db1b34e8eca2299e25f7cbf044f459896c85fe647e9d19b91a/diff:/var/lib/docker/overlay2/4ddcce6b4543c60c15ed675d9d7baf002eca897183f4d96da330dc4a8d6838d2/diff:/var/lib/docker/overlay2/a05057923b7e4ae5a10d2f17482ab6b6d151db2267496573a9a44e808bd052c4/diff:/var/lib/docker/overlay2/f17b4f5bf842d7d55103f933ddbf0e25647214f5ca5a63b6931ce64c2e730c0e/diff:/var/lib/docker/overlay2/a2b147aa79b9d7b59df046c8e275bb5dcf9aedfafe4c8de993474e1daea9fa51/diff:/var/lib/docker/overlay2/41820fbb523da8439b963ee0d0d467794aab9c16d21c91615abcdca2008093bb/diff:/var/lib/docker/overlay2/146f140d1514405ab1027447dc632e84d4e35ae68fe6802efdd195d6e5dc5805/diff",
                "MergedDir": "/var/lib/docker/overlay2/7a315999cbd529dd403ed913355ce0f1cae719ec38218a2465d6ff76bc607ae0/merged",
                "UpperDir": "/var/lib/docker/overlay2/7a315999cbd529dd403ed913355ce0f1cae719ec38218a2465d6ff76bc607ae0/diff",
                "WorkDir": "/var/lib/docker/overlay2/7a315999cbd529dd403ed913355ce0f1cae719ec38218a2465d6ff76bc607ae0/work"
            },
            "Name": "overlay2"
        },
        "Mounts": [
            {
                "Type": "volume",
                "Name": "myvol1",
                "Source": "/var/lib/docker/volumes/myvol1/_data",
                "Destination": "/app",
                "Driver": "local",
                "Mode": "z",
                "RW": true,
                "Propagation": ""
            }
        ],
        "Config": {
            "Hostname": "82b54136f9c8",
            "Domainname": "",
            "User": "",
            "AttachStdin": false,
            "AttachStdout": false,
            "AttachStderr": false,
            "ExposedPorts": {
                "80/tcp": {}
            },
            "Tty": false,
            "OpenStdin": false,
            "StdinOnce": false,
            "Env": [
                "PATH=/usr/local/sbin:/usr/local/bin:/usr/sbin:/usr/bin:/sbin:/bin",
                "NGINX_VERSION=1.27.5",
                "NJS_VERSION=0.8.10",
                "NJS_RELEASE=1~bookworm",
                "PKG_RELEASE=1~bookworm",
                "DYNPKG_RELEASE=1~bookworm"
            ],
            "Cmd": [
                "nginx",
                "-g",
                "daemon off;"
            ],
            "Image": "nginx:latest",
            "Volumes": null,
            "WorkingDir": "",
            "Entrypoint": [
                "/docker-entrypoint.sh"
            ],
            "OnBuild": null,
            "Labels": {
                "maintainer": "NGINX Docker Maintainers <docker-maint@nginx.com>"
            },
            "StopSignal": "SIGQUIT"
        },
        "NetworkSettings": {
            "Bridge": "",
            "SandboxID": "f9e6ba06016e754d28e99f362a86550142d48fd0b6802db30a0b35bfe936f1ff",
            "SandboxKey": "/var/run/docker/netns/f9e6ba06016e",
            "Ports": {
                "80/tcp": null
            },
            "HairpinMode": false,
            "LinkLocalIPv6Address": "",
            "LinkLocalIPv6PrefixLen": 0,
            "SecondaryIPAddresses": null,
            "SecondaryIPv6Addresses": null,
            "EndpointID": "b6b882384540e9b727c3065a4c9ca391adbf37e3aabea94e117ea231e1fd0d41",
            "Gateway": "172.17.0.1",
            "GlobalIPv6Address": "",
            "GlobalIPv6PrefixLen": 0,
            "IPAddress": "172.17.0.2",
            "IPPrefixLen": 16,
            "IPv6Gateway": "",
            "MacAddress": "92:15:40:ed:ff:a5",
            "Networks": {
                "bridge": {
                    "IPAMConfig": null,
                    "Links": null,
                    "Aliases": null,
                    "MacAddress": "92:15:40:ed:ff:a5",
                    "DriverOpts": null,
                    "GwPriority": 0,
                    "NetworkID": "88e8e06af2cd0335ad5b0b6d4ad3f83c7453795587a150f3a4cdff974801f059",
                    "EndpointID": "b6b882384540e9b727c3065a4c9ca391adbf37e3aabea94e117ea231e1fd0d41",
                    "Gateway": "172.17.0.1",
                    "IPAddress": "172.17.0.2",
                    "IPPrefixLen": 16,
                    "IPv6Gateway": "",
                    "GlobalIPv6Address": "",
                    "GlobalIPv6PrefixLen": 0,
                    "DNSNames": null
                }
            }
        }
    }
]
root@adsl-dynamic-ipv6:~# 
root@adsl-dynamic-ipv6:~# docker volume ls
DRIVER    VOLUME NAME
local     e406c3a627c332c28e70e1118bed67fd51018dffa3efec398f19224af61bdf06
local     myvol
local     myvol1
root@adsl-dynamic-ipv6:~# docker exec -it devtest bash
root@82b54136f9c8:/# ls
app  boot  docker-entrypoint.d	 etc   lib    media  opt   root  sbin  sys  usr
bin  dev   docker-entrypoint.sh  home  lib64  mnt    proc  run	 srv   tmp  var
root@82b54136f9c8:/# exit
exit
root@adsl-dynamic-ipv6:~# docker exec -it devtest bash
root@82b54136f9c8:/# ls
app  boot  docker-entrypoint.d	 etc   lib    media  opt   root  sbin  sys  usr
bin  dev   docker-entrypoint.sh  home  lib64  mnt    proc  run	 srv   tmp  var
root@82b54136f9c8:/# app ls
bash: app: command not found
root@82b54136f9c8:/# cd app
root@82b54136f9c8:/app# ls
root@82b54136f9c8:/app# cd
root@82b54136f9c8:~# exit
exit
root@adsl-dynamic-ipv6:~# docker exec -it devtest bash
root@82b54136f9c8:/# cd /home/rashmika/Documents
bash: cd: /home/rashmika/Documents: No such file or directory
root@82b54136f9c8:/# cd var
root@82b54136f9c8:/var# ll
bash: ll: command not found
root@82b54136f9c8:/var# dnf get update
bash: dnf: command not found
root@82b54136f9c8:/var# apt get update
E: Invalid operation get
root@82b54136f9c8:/var# dnf-get update
bash: dnf-get: command not found
root@82b54136f9c8:/var# apt-get update
Get:1 http://deb.debian.org/debian bookworm InRelease [151 kB]
Get:2 http://deb.debian.org/debian bookworm-updates InRelease [55.4 kB]
Get:3 http://deb.debian.org/debian-security bookworm-security InRelease [48.0 kB]
Get:4 http://deb.debian.org/debian bookworm/main amd64 Packages [8793 kB]
Get:5 http://deb.debian.org/debian bookworm-updates/main amd64 Packages [512 B]                                                                      
Get:6 http://deb.debian.org/debian-security bookworm-security/main amd64 Packages [266 kB]                                                           
Fetched 9314 kB in 17s (540 kB/s)                                                                                                                    
Reading package lists... Done
root@82b54136f9c8:/var# apt install nano
Reading package lists... Done
Building dependency tree... Done
Reading state information... Done
The following additional packages will be installed:
  libgpm2 libncursesw6
Suggested packages:
  gpm hunspell
The following NEW packages will be installed:
  libgpm2 libncursesw6 nano
0 upgraded, 3 newly installed, 0 to remove and 3 not upgraded.
Need to get 838 kB of archives.
After this operation, 3339 kB of additional disk space will be used.
Do you want to continue? [Y/n] y
Get:1 http://deb.debian.org/debian bookworm/main amd64 libncursesw6 amd64 6.4-4 [134 kB]
Get:2 http://deb.debian.org/debian bookworm/main amd64 nano amd64 7.2-1+deb12u1 [690 kB]
Get:3 http://deb.debian.org/debian bookworm/main amd64 libgpm2 amd64 1.20.7-10+b1 [14.2 kB]
Fetched 838 kB in 1s (1014 kB/s)    
debconf: delaying package configuration, since apt-utils is not installed
Selecting previously unselected package libncursesw6:amd64.
(Reading database ... 7580 files and directories currently installed.)
Preparing to unpack .../libncursesw6_6.4-4_amd64.deb ...
Unpacking libncursesw6:amd64 (6.4-4) ...
Selecting previously unselected package nano.
Preparing to unpack .../nano_7.2-1+deb12u1_amd64.deb ...
Unpacking nano (7.2-1+deb12u1) ...
Selecting previously unselected package libgpm2:amd64.
Preparing to unpack .../libgpm2_1.20.7-10+b1_amd64.deb ...
Unpacking libgpm2:amd64 (1.20.7-10+b1) ...
Setting up libgpm2:amd64 (1.20.7-10+b1) ...
Setting up libncursesw6:amd64 (6.4-4) ...
Setting up nano (7.2-1+deb12u1) ...
update-alternatives: using /bin/nano to provide /usr/bin/editor (editor) in auto mode
update-alternatives: warning: skip creation of /usr/share/man/man1/editor.1.gz because associated file /usr/share/man/man1/nano.1.gz (of link group ed
itor) doesn't exist
update-alternatives: using /bin/nano to provide /usr/bin/pico (pico) in auto mode
update-alternatives: warning: skip creation of /usr/share/man/man1/pico.1.gz because associated file /usr/share/man/man1/nano.1.gz (of link group pico
) doesn't exist
Processing triggers for libc-bin (2.36-9+deb12u10) ...
root@82b54136f9c8:/var# exit
exit
root@adsl-dynamic-ipv6:~# docker exec -it devtest bash
root@82b54136f9c8:/# cd app
root@82b54136f9c8:/app# ll
bash: ll: command not found
root@82b54136f9c8:/app# ls
root@82b54136f9c8:/app# nano text.txt
root@82b54136f9c8:/app# exit
exit
root@adsl-dynamic-ipv6:~# docker stop devtest
devtest
root@adsl-dynamic-ipv6:~# docker rm devtest
devtest
root@adsl-dynamic-ipv6:~# docker ps
CONTAINER ID   IMAGE          COMMAND                  CREATED       STATUS       PORTS     NAMES
5368d41673d6   nginx:latest   "/docker-entrypoint.…"   2 hours ago   Up 2 hours   80/tcp    devtest1
root@adsl-dynamic-ipv6:~# docker ps -a
CONTAINER ID   IMAGE          COMMAND                  CREATED       STATUS                    PORTS     NAMES
5368d41673d6   nginx:latest   "/docker-entrypoint.…"   2 hours ago   Up 2 hours                80/tcp    devtest1
874fa916beb8   nginx          "/docker-entrypoint.…"   5 hours ago   Exited (0) 5 hours ago              dazzling_bouman
2e8a9037a6ed   nginx          "/docker-entrypoint.…"   5 hours ago   Exited (0) 5 hours ago              boring_cray
79fb67a33490   nginx          "/docker-entrypoint.…"   2 days ago    Exited (0) 5 hours ago              webserver
4fc1c4c5be12   nginx          "/docker-entrypoint.…"   3 days ago    Exited (0) 3 days ago               adoring_knuth
c59c046016d2   nginx          "/docker-entrypoint.…"   3 days ago    Exited (127) 3 days ago             boring_hodgkin
03fefa750bb8   nginx          "/docker-entrypoint.…"   3 days ago    Exited (0) 3 days ago               optimistic_mcnulty
c2c0bf89a5a9   nginx          "/docker-entrypoint.…"   3 days ago    Exited (0) 3 days ago               wizardly_jennings
1362307064d8   hello-world    "/hello"                 4 days ago    Exited (0) 4 days ago               dreamy_galileo
root@adsl-dynamic-ipv6:~# docker run -d --name devtest -v myvol1:/app nginx:latest
8a018cee9bcd10661df88fabb03a4189137e409210953a761ed3073dcac823f0
root@adsl-dynamic-ipv6:~# docker exec -it devtest bash
root@8a018cee9bcd:/# cd app
root@8a018cee9bcd:/app# ls
text.txt
root@8a018cee9bcd:/app# nano text.txt
bash: nano: command not found
root@8a018cee9bcd:/app# apt install nano
Reading package lists... Done
Building dependency tree... Done
Reading state information... Done
Package nano is not available, but is referred to by another package.
This may mean that the package is missing, has been obsoleted, or
is only available from another source

E: Package 'nano' has no installation candidate
root@8a018cee9bcd:/app# apt update
Get:1 http://deb.debian.org/debian bookworm InRelease [151 kB]
Get:2 http://deb.debian.org/debian bookworm-updates InRelease [55.4 kB]
Get:3 http://deb.debian.org/debian-security bookworm-security InRelease [48.0 kB]
Get:4 http://deb.debian.org/debian bookworm/main amd64 Packages [8793 kB]
Get:5 http://deb.debian.org/debian bookworm-updates/main amd64 Packages [512 B]                                                                      
Get:6 http://deb.debian.org/debian-security bookworm-security/main amd64 Packages [266 kB]                                                           
Fetched 9314 kB in 18s (530 kB/s)                                                                                                                    
Reading package lists... Done
Building dependency tree... Done
Reading state information... Done
3 packages can be upgraded. Run 'apt list --upgradable' to see them.
root@8a018cee9bcd:/app# apt install nano
Reading package lists... Done
Building dependency tree... Done
Reading state information... Done
The following additional packages will be installed:
  libgpm2 libncursesw6
Suggested packages:
  gpm hunspell
The following NEW packages will be installed:
  libgpm2 libncursesw6 nano
0 upgraded, 3 newly installed, 0 to remove and 3 not upgraded.
Need to get 838 kB of archives.
After this operation, 3339 kB of additional disk space will be used.
Do you want to continue? [Y/n] y
Get:1 http://deb.debian.org/debian bookworm/main amd64 libncursesw6 amd64 6.4-4 [134 kB]
Get:2 http://deb.debian.org/debian bookworm/main amd64 nano amd64 7.2-1+deb12u1 [690 kB]
Get:3 http://deb.debian.org/debian bookworm/main amd64 libgpm2 amd64 1.20.7-10+b1 [14.2 kB]
Fetched 838 kB in 1s (929 kB/s) 
debconf: delaying package configuration, since apt-utils is not installed
Selecting previously unselected package libncursesw6:amd64.
(Reading database ... 7580 files and directories currently installed.)
Preparing to unpack .../libncursesw6_6.4-4_amd64.deb ...
Unpacking libncursesw6:amd64 (6.4-4) ...
Selecting previously unselected package nano.
Preparing to unpack .../nano_7.2-1+deb12u1_amd64.deb ...
Unpacking nano (7.2-1+deb12u1) ...
Selecting previously unselected package libgpm2:amd64.
Preparing to unpack .../libgpm2_1.20.7-10+b1_amd64.deb ...
Unpacking libgpm2:amd64 (1.20.7-10+b1) ...
Setting up libgpm2:amd64 (1.20.7-10+b1) ...
Setting up libncursesw6:amd64 (6.4-4) ...
Setting up nano (7.2-1+deb12u1) ...
update-alternatives: using /bin/nano to provide /usr/bin/editor (editor) in auto mode
update-alternatives: warning: skip creation of /usr/share/man/man1/editor.1.gz because associated file /usr/share/man/man1/nano.1.gz (of link group ed
itor) doesn't exist
update-alternatives: using /bin/nano to provide /usr/bin/pico (pico) in auto mode
update-alternatives: warning: skip creation of /usr/share/man/man1/pico.1.gz because associated file /usr/share/man/man1/nano.1.gz (of link group pico
) doesn't exist
Processing triggers for libc-bin (2.36-9+deb12u10) ...
root@8a018cee9bcd:/app# nano test.txt
root@8a018cee9bcd:/app# ls
text.txt
root@8a018cee9bcd:/app# cat text.txt
Hi there ..... I am going to test the volume 

root@8a018cee9bcd:/app# exit
exit
root@adsl-dynamic-ipv6:~# docker rm devtest
Error response from daemon: cannot remove container "devtest": container is running: stop the container before removing or force remove
root@adsl-dynamic-ipv6:~# docker stop devtest
devtest
root@adsl-dynamic-ipv6:~# docker rm devtest
devtest
root@adsl-dynamic-ipv6:~# docker volume rm myvol
Error response from daemon: remove myvol: volume is in use - [5368d41673d62a70a9a6f218beeb56d3b64fa48a851e8d663da2098a1b1c8b64]
root@adsl-dynamic-ipv6:~# docker volume ls
DRIVER    VOLUME NAME
local     e406c3a627c332c28e70e1118bed67fd51018dffa3efec398f19224af61bdf06
local     myvol
local     myvol1
root@adsl-dynamic-ipv6:~# docker volume rm myvol1
myvol1
root@adsl-dynamic-ipv6:~# docker volume ls
DRIVER    VOLUME NAME
local     e406c3a627c332c28e70e1118bed67fd51018dffa3efec398f19224af61bdf06
local     myvol
root@adsl-dynamic-ipv6:~# sudo su
root@adsl-dynamic-ipv6:~# ll
total 4
-rw-------. 1 root root 142 May 27 16:50 anaconda-ks.cfg
root@adsl-dynamic-ipv6:~# sudo cd /home/rashmika
root@adsl-dynamic-ipv6:~# exit
exit
root@adsl-dynamic-ipv6:~# ls
anaconda-ks.cfg
root@adsl-dynamic-ipv6:~# cd /home/rashmika
root@adsl-dynamic-ipv6:/home/rashmika# ll
total 0
drwxr-xr-x. 1 rashmika rashmika   0 May 29 11:20 Desktop
drwxr-xr-x. 1 rashmika rashmika  46 Jun  9 12:31 Documents
drwxr-xr-x. 1 rashmika rashmika 104 Jun  2 10:00 Downloads
drwxr-xr-x. 1 rashmika rashmika   0 Jun  2 11:55 Media
drwxr-xr-x. 1 rashmika rashmika   0 May 29 11:20 Music
drwxr-xr-x. 1 rashmika rashmika   0 May 29 11:20 Pictures
drwxr-xr-x. 1 rashmika rashmika   0 May 29 11:20 Public
drwxr-xr-x. 1 rashmika rashmika   0 May 29 11:20 Templates
drwxr-xr-x. 1 rashmika rashmika   0 May 29 11:20 Videos
root@adsl-dynamic-ipv6:/home/rashmika# cd Documents
root@adsl-dynamic-ipv6:/home/rashmika/Documents# ll
total 0
drwxr-xr-x. 1 rashmika rashmika 130 Jun  3 16:46 PFX_Certificate
drwxr-xr-x. 1 root     root      18 Jun  9 12:33 testdata
root@adsl-dynamic-ipv6:/home/rashmika/Documents# cd testdata
root@adsl-dynamic-ipv6:/home/rashmika/Documents/testdata# ll
total 4
-rw-r--r--. 1 root root 13 Jun  9 12:33 hello.txt
root@adsl-dynamic-ipv6:/home/rashmika/Documents/testdata# touch docker-compose.yaml
root@adsl-dynamic-ipv6:/home/rashmika/Documents/testdata# ll
total 4
-rw-r--r--. 1 root root  0 Jun  9 18:07 docker-compose.yaml
-rw-r--r--. 1 root root 13 Jun  9 12:33 hello.txt
root@adsl-dynamic-ipv6:/home/rashmika/Documents/testdata# nano docker-compose.yaml
root@adsl-dynamic-ipv6:/home/rashmika/Documents/testdata# nano docker-compose.yaml
root@adsl-dynamic-ipv6:/home/rashmika/Documents/testdata# nano docker-compose.yaml
root@adsl-dynamic-ipv6:/home/rashmika/Documents/testdata# ^C
root@adsl-dynamic-ipv6:/home/rashmika/Documents/testdata#
root@adsl-dynamic-ipv6:/home/rashmika/Documents/testdata# ^C
root@adsl-dynamic-ipv6:/home/rashmika/Documents/testdata# nano docker-compose.yaml
root@adsl-dynamic-ipv6:/home/rashmika/Documents/testdata# mkdir app
root@adsl-dynamic-ipv6:/home/rashmika/Documents/testdata# touch app/index.html
root@adsl-dynamic-ipv6:/home/rashmika/Documents/testdata# touch Dockerfile
root@adsl-dynamic-ipv6:/home/rashmika/Documents/testdata# ll
total 8
drwxr-xr-x. 1 root root  20 Jun 11 10:08 app
-rw-r--r--. 1 root root 150 Jun  9 18:11 docker-compose.yaml
-rw-r--r--. 1 root root   0 Jun 11 10:09 Dockerfile
-rw-r--r--. 1 root root  13 Jun  9 12:33 hello.txt
root@adsl-dynamic-ipv6:/home/rashmika/Documents/testdata# cd app
root@adsl-dynamic-ipv6:/home/rashmika/Documents/testdata/app# nano index.html
root@adsl-dynamic-ipv6:/home/rashmika/Documents/testdata/app# ll
total 4
-rw-r--r--. 1 root root 128 Jun 11 10:10 index.html
root@adsl-dynamic-ipv6:/home/rashmika/Documents/testdata/app# cd ..
root@adsl-dynamic-ipv6:/home/rashmika/Documents/testdata# nano Dockerfile
root@adsl-dynamic-ipv6:/home/rashmika/Documents/testdata# nano docker-compose.yaml
root@adsl-dynamic-ipv6:/home/rashmika/Documents/testdata# docker compose up -d
WARN[0000] /home/rashmika/Documents/testdata/docker-compose.yaml: the attribute `version` is obsolete, it will be ignored, please remove it to avoid potential confusion 
Compose can now delegate builds to bake for better performance.
 To do so, set COMPOSE_BAKE=true.
[+] Building 44.0s (9/9) FINISHED                                                                                                      docker:default
 => [web internal] load build definition from Dockerfile                                                                                         0.1s
 => => transferring dockerfile: 160B                                                                                                             0.0s
 => [web internal] load metadata for docker.io/library/nginx:alpine                                                                              4.6s
 => [web auth] library/nginx:pull token for registry-1.docker.io                                                                                 0.0s
 => [web internal] load .dockerignore                                                                                                            0.1s
 => => transferring context: 2B                                                                                                                  0.0s
 => [web internal] load build context                                                                                                            0.2s
 => => transferring context: 316B                                                                                                                0.1s
 => [web 1/2] FROM docker.io/library/nginx:alpine@sha256:65645c7bb6a0661892a8b03b89d0743208a18dd2f3f17a54ef4b76fb8e2f2a10                       36.8s
 => => resolve docker.io/library/nginx:alpine@sha256:65645c7bb6a0661892a8b03b89d0743208a18dd2f3f17a54ef4b76fb8e2f2a10                            0.1s
 => => sha256:62223d644fa234c3a1cc785ee14242ec47a77364226f1c811d2f669f96dc2ac8 2.50kB / 2.50kB                                                   0.0s
 => => sha256:6769dc3a703c719c1d2756bda113659be28ae16cf0da58dd5fd823d6b9a050ea 10.79kB / 10.79kB                                                 0.0s
 => => sha256:65645c7bb6a0661892a8b03b89d0743208a18dd2f3f17a54ef4b76fb8e2f2a10 10.33kB / 10.33kB                                                 0.0s
 => => sha256:f18232174bc91741fdf3da96d85011092101a032a93a388b79e99e69c2d5c870 3.64MB / 3.64MB                                                   9.1s
 => => sha256:61ca4f733c802afd9e05a32f0de0361b6d713b8b53292dc15fb093229f648674 1.79MB / 1.79MB                                                  25.3s
 => => sha256:b464cfdf2a6319875aeb27359ec549790ce14d8214fcb16ef915e4530e5ed235 629B / 629B                                                       1.3s
 => => sha256:d7e5070240863957ebb0b5a44a5729963c3462666baa2947d00628cb5f2d5773 955B / 955B                                                       1.9s
 => => sha256:81bd8ed7ec6789b0cb7f1b47ee731c522f6dba83201ec73cd6bca1350f582948 402B / 402B                                                       2.3s
 => => sha256:197eb75867ef4fcecd4724f17b0972ab0489436860a594a9445f8eaff8155053 1.21kB / 1.21kB                                                   2.7s
 => => sha256:34a64644b756511a2e217f0508e11d1a572085d66cd6dc9a555a082ad49a3102 1.40kB / 1.40kB                                                   3.2s
 => => sha256:39c2ddfd6010082a4a646e7ca44e95aca9bf3eaebc00f17f7ccc2954004f2a7d 15.52MB / 15.52MB                                                33.9s
 => => extracting sha256:f18232174bc91741fdf3da96d85011092101a032a93a388b79e99e69c2d5c870                                                        0.6s
 => => extracting sha256:61ca4f733c802afd9e05a32f0de0361b6d713b8b53292dc15fb093229f648674                                                        0.3s
 => => extracting sha256:b464cfdf2a6319875aeb27359ec549790ce14d8214fcb16ef915e4530e5ed235                                                        0.0s
 => => extracting sha256:d7e5070240863957ebb0b5a44a5729963c3462666baa2947d00628cb5f2d5773                                                        0.0s
 => => extracting sha256:81bd8ed7ec6789b0cb7f1b47ee731c522f6dba83201ec73cd6bca1350f582948                                                        0.0s
 => => extracting sha256:197eb75867ef4fcecd4724f17b0972ab0489436860a594a9445f8eaff8155053                                                        0.0s
 => => extracting sha256:34a64644b756511a2e217f0508e11d1a572085d66cd6dc9a555a082ad49a3102                                                        0.0s
 => => extracting sha256:39c2ddfd6010082a4a646e7ca44e95aca9bf3eaebc00f17f7ccc2954004f2a7d                                                        1.7s
 => [web 2/2] COPY ./app /usr/share/nginx/html                                                                                                   1.5s
 => [web] exporting to image                                                                                                                     0.1s
 => => exporting layers                                                                                                                          0.1s
 => => writing image sha256:e84a5db31bef3548af44dfb49190f031934dc6092c695199e15b700dec04d4f6                                                     0.0s
 => => naming to docker.io/library/testdata-web                                                                                                  0.0s
 => [web] resolving provenance for metadata file                                                                                                 0.1s
[+] Running 3/3
 ✔ web                       Built                                                                                                               0.0s 
 ✔ Network testdata_default  Created                                                                                                             3.4s 
 ✔ Container compose-nginx   Started                                                                                                             4.5s 
root@adsl-dynamic-ipv6:/home/rashmika/Documents/testdata# nano docker-compose.yaml
root@adsl-dynamic-ipv6:/home/rashmika/Documents/testdata# docker compose ps
WARN[0000] /home/rashmika/Documents/testdata/docker-compose.yaml: the attribute `version` is obsolete, it will be ignored, please remove it to avoid potential confusion 
NAME            IMAGE          COMMAND                  SERVICE   CREATED         STATUS         PORTS
compose-nginx   testdata-web   "/docker-entrypoint.…"   web       7 minutes ago   Up 7 minutes   0.0.0.0:8080->80/tcp, [::]:8080->80/tcp
root@adsl-dynamic-ipv6:/home/rashmika/Documents/testdata# docker compose ps -a
WARN[0000] /home/rashmika/Documents/testdata/docker-compose.yaml: the attribute `version` is obsolete, it will be ignored, please remove it to avoid potential confusion 
NAME            IMAGE          COMMAND                  SERVICE   CREATED         STATUS         PORTS
compose-nginx   testdata-web   "/docker-entrypoint.…"   web       8 minutes ago   Up 8 minutes   0.0.0.0:8080->80/tcp, [::]:8080->80/tcp
root@adsl-dynamic-ipv6:/home/rashmika/Documents/testdata# docker ps
CONTAINER ID   IMAGE          COMMAND                  CREATED         STATUS         PORTS                                     NAMES
b8865d69dc04   testdata-web   "/docker-entrypoint.…"   8 minutes ago   Up 8 minutes   0.0.0.0:8080->80/tcp, [::]:8080->80/tcp   compose-nginx
5368d41673d6   nginx:latest   "/docker-entrypoint.…"   46 hours ago    Up 46 hours    80/tcp                                    devtest1
root@adsl-dynamic-ipv6:/home/rashmika/Documents/testdata# uptime
 10:22:32 up  9:32,  4 users,  load average: 0.26, 0.33, 0.30
root@adsl-dynamic-ipv6:/home/rashmika/Documents/testdata# docker ps -a
CONTAINER ID   IMAGE          COMMAND                  CREATED         STATUS                    PORTS                                     NAMES
b8865d69dc04   testdata-web   "/docker-entrypoint.…"   8 minutes ago   Up 8 minutes              0.0.0.0:8080->80/tcp, [::]:8080->80/tcp   compose-nginx
5368d41673d6   nginx:latest   "/docker-entrypoint.…"   46 hours ago    Up 46 hours               80/tcp                                    devtest1
874fa916beb8   nginx          "/docker-entrypoint.…"   2 days ago      Exited (0) 2 days ago                                               dazzling_bouman
2e8a9037a6ed   nginx          "/docker-entrypoint.…"   2 days ago      Exited (0) 2 days ago                                               boring_cray
79fb67a33490   nginx          "/docker-entrypoint.…"   4 days ago      Exited (0) 2 days ago                                               webserver
4fc1c4c5be12   nginx          "/docker-entrypoint.…"   4 days ago      Exited (0) 4 days ago                                               adoring_knuth
c59c046016d2   nginx          "/docker-entrypoint.…"   4 days ago      Exited (127) 4 days ago                                             boring_hodgkin
03fefa750bb8   nginx          "/docker-entrypoint.…"   4 days ago      Exited (0) 4 days ago                                               optimistic_mcnulty
c2c0bf89a5a9   nginx          "/docker-entrypoint.…"   4 days ago      Exited (0) 4 days ago                                               wizardly_jennings
1362307064d8   hello-world    "/hello"                 6 days ago      Exited (0) 6 days ago                                               dreamy_galileo
root@adsl-dynamic-ipv6:/home/rashmika/Documents/testdata# docker compose logs -f testdata-web
WARN[0000] /home/rashmika/Documents/testdata/docker-compose.yaml: the attribute `version` is obsolete, it will be ignored, please remove it to avoid potential confusion 
no such service: testdata-web
root@adsl-dynamic-ipv6:/home/rashmika/Documents/testdata# docker compose logs 
WARN[0000] /home/rashmika/Documents/testdata/docker-compose.yaml: the attribute `version` is obsolete, it will be ignored, please remove it to avoid potential confusion 
compose-nginx  | /docker-entrypoint.sh: /docker-entrypoint.d/ is not empty, will attempt to perform configuration
compose-nginx  | /docker-entrypoint.sh: Looking for shell scripts in /docker-entrypoint.d/
compose-nginx  | /docker-entrypoint.sh: Launching /docker-entrypoint.d/10-listen-on-ipv6-by-default.sh
compose-nginx  | 10-listen-on-ipv6-by-default.sh: info: Getting the checksum of /etc/nginx/conf.d/default.conf
compose-nginx  | 10-listen-on-ipv6-by-default.sh: info: Enabled listen on IPv6 in /etc/nginx/conf.d/default.conf
compose-nginx  | /docker-entrypoint.sh: Sourcing /docker-entrypoint.d/15-local-resolvers.envsh
compose-nginx  | /docker-entrypoint.sh: Launching /docker-entrypoint.d/20-envsubst-on-templates.sh
compose-nginx  | /docker-entrypoint.sh: Launching /docker-entrypoint.d/30-tune-worker-processes.sh
compose-nginx  | /docker-entrypoint.sh: Configuration complete; ready for start up
compose-nginx  | 2025/06/11 04:43:57 [notice] 1#1: using the "epoll" event method
compose-nginx  | 2025/06/11 04:43:57 [notice] 1#1: nginx/1.27.5
compose-nginx  | 2025/06/11 04:43:57 [notice] 1#1: built by gcc 14.2.0 (Alpine 14.2.0) 
compose-nginx  | 2025/06/11 04:43:57 [notice] 1#1: OS: Linux 6.14.9-300.fc42.x86_64
compose-nginx  | 2025/06/11 04:43:57 [notice] 1#1: getrlimit(RLIMIT_NOFILE): 1073741816:1073741816
compose-nginx  | 2025/06/11 04:43:57 [notice] 1#1: start worker processes
compose-nginx  | 2025/06/11 04:43:57 [notice] 1#1: start worker process 30
compose-nginx  | 172.18.0.1 - - [11/Jun/2025:04:50:14 +0000] "GET / HTTP/1.1" 200 128 "-" "Mozilla/5.0 (X11; Linux x86_64; rv:139.0) Gecko/20100101 Firefox/139.0" "-"
compose-nginx  | 2025/06/11 04:50:15 [error] 30#30: *1 open() "/usr/share/nginx/html/favicon.ico" failed (2: No such file or directory), client: 172.18.0.1, server: localhost, request: "GET /favicon.ico HTTP/1.1", host: "localhost:8080", referrer: "http://localhost:8080/"
compose-nginx  | 172.18.0.1 - - [11/Jun/2025:04:50:15 +0000] "GET /favicon.ico HTTP/1.1" 404 153 "http://localhost:8080/" "Mozilla/5.0 (X11; Linux x86_64; rv:139.0) Gecko/20100101 Firefox/139.0" "-"
root@adsl-dynamic-ipv6:/home/rashmika/Documents/testdata# docker compose logs -f b8865d69dc04 
WARN[0000] /home/rashmika/Documents/testdata/docker-compose.yaml: the attribute `version` is obsolete, it will be ignored, please remove it to avoid potential confusion 
no such service: b8865d69dc04
root@adsl-dynamic-ipv6:/home/rashmika/Documents/testdata# docker compose down
WARN[0000] /home/rashmika/Documents/testdata/docker-compose.yaml: the attribute `version` is obsolete, it will be ignored, please remove it to avoid potential confusion 
[+] Running 2/2
 ✔ Container compose-nginx   Removed                                                                                                             1.2s 
 ✔ Network testdata_default  Removed                                                                                                             2.8s 
root@adsl-dynamic-ipv6:/home/rashmika/Documents/testdata# docker compose ls
NAME                STATUS              CONFIG FILES
root@adsl-dynamic-ipv6:/home/rashmika/Documents/testdata# docker login
Authenticating with existing credentials... [Username: dinidurashmika]

i Info → To login with a different account, run 'docker logout' followed by 'docker login'


Login Succeeded
root@adsl-dynamic-ipv6:/home/rashmika/Documents/testdata# docker ps -a
CONTAINER ID   IMAGE          COMMAND                  CREATED        STATUS                    PORTS     NAMES
5368d41673d6   nginx:latest   "/docker-entrypoint.…"   46 hours ago   Up 46 hours               80/tcp    devtest1
874fa916beb8   nginx          "/docker-entrypoint.…"   2 days ago     Exited (0) 2 days ago               dazzling_bouman
2e8a9037a6ed   nginx          "/docker-entrypoint.…"   2 days ago     Exited (0) 2 days ago               boring_cray
79fb67a33490   nginx          "/docker-entrypoint.…"   4 days ago     Exited (0) 2 days ago               webserver
4fc1c4c5be12   nginx          "/docker-entrypoint.…"   4 days ago     Exited (0) 4 days ago               adoring_knuth
c59c046016d2   nginx          "/docker-entrypoint.…"   4 days ago     Exited (127) 4 days ago             boring_hodgkin
03fefa750bb8   nginx          "/docker-entrypoint.…"   4 days ago     Exited (0) 4 days ago               optimistic_mcnulty
c2c0bf89a5a9   nginx          "/docker-entrypoint.…"   4 days ago     Exited (0) 4 days ago               wizardly_jennings
1362307064d8   hello-world    "/hello"                 6 days ago     Exited (0) 6 days ago               dreamy_galileo
root@adsl-dynamic-ipv6:/home/rashmika/Documents/testdata# docker volume ls
DRIVER    VOLUME NAME
local     e406c3a627c332c28e70e1118bed67fd51018dffa3efec398f19224af61bdf06
local     myvol
root@adsl-dynamic-ipv6:/home/rashmika/Documents/testdata# docker volume ls-a
docker: unknown command: docker volume ls-a

Usage:  docker volume COMMAND

Run 'docker volume --help' for more information
root@adsl-dynamic-ipv6:/home/rashmika/Documents/testdata# docker volume ls -a  
unknown shorthand flag: 'a' in -a

Usage:  docker volume ls [OPTIONS]

Run 'docker volume ls --help' for more information
root@adsl-dynamic-ipv6:/home/rashmika/Documents/testdata# docker build -t dinidurashmika/ nginx:latest
[+] Building 0.0s (0/0)                                                                                                                docker:default
ERROR: invalid tag "dinidurashmika/": invalid reference format
root@adsl-dynamic-ipv6:/home/rashmika/Documents/testdata# docker build -t dinidurashmika/nginx:latest
ERROR: docker: 'docker buildx build' requires 1 argument

Usage:  docker buildx build [OPTIONS] PATH | URL | -

Run 'docker buildx build --help' for more information
root@adsl-dynamic-ipv6:/home/rashmika/Documents/testdata# docker build -t dinidurashmika/mainrepository/nginx:latest
ERROR: docker: 'docker buildx build' requires 1 argument

Usage:  docker buildx build [OPTIONS] PATH | URL | -

Run 'docker buildx build --help' for more information
root@adsl-dynamic-ipv6:/home/rashmika/Documents/testdata# docker build -t dinidurashmika/nginx:latest .
[+] Building 2.9s (8/8) FINISHED                                                                                                       docker:default
 => [internal] load build definition from Dockerfile                                                                                             0.1s
 => => transferring dockerfile: 160B                                                                                                             0.0s
 => [internal] load metadata for docker.io/library/nginx:alpine                                                                                  2.4s
 => [auth] library/nginx:pull token for registry-1.docker.io                                                                                     0.0s
 => [internal] load .dockerignore                                                                                                                0.0s
 => => transferring context: 2B                                                                                                                  0.0s
 => [internal] load build context                                                                                                                0.1s
 => => transferring context: 177B                                                                                                                0.0s
 => [1/2] FROM docker.io/library/nginx:alpine@sha256:65645c7bb6a0661892a8b03b89d0743208a18dd2f3f17a54ef4b76fb8e2f2a10                            0.0s
 => CACHED [2/2] COPY ./app /usr/share/nginx/html                                                                                                0.0s
 => exporting to image                                                                                                                           0.1s
 => => exporting layers                                                                                                                          0.0s
 => => writing image sha256:c3b0bc95719bdc77e92104d444e7fe4a546dc5449d8b96eb76f2142d60a17bcc                                                     0.0s
 => => naming to docker.io/dinidurashmika/nginx:latest                                                                                           0.0s
root@adsl-dynamic-ipv6:/home/rashmika/Documents/testdata# ll
total 12
drwxr-xr-x. 1 root root  20 Jun 11 10:08 app
-rw-r--r--. 1 root root 157 Jun 11 10:12 docker-compose.yaml
-rw-r--r--. 1 root root  64 Jun 11 10:11 Dockerfile
-rw-r--r--. 1 root root  13 Jun  9 12:33 hello.txt
root@adsl-dynamic-ipv6:/home/rashmika/Documents/testdata# docker push dinidurashmika/mainrepository/nginx:latest .
docker: 'docker push' requires 1 argument

Usage:  docker push [OPTIONS] NAME[:TAG]

Run 'docker push --help' for more information
root@adsl-dynamic-ipv6:/home/rashmika/Documents/testdata# docker push dinidurashmika/mainrepository:nginx:latest .
docker: 'docker push' requires 1 argument

Usage:  docker push [OPTIONS] NAME[:TAG]

Run 'docker push --help' for more information
root@adsl-dynamic-ipv6:/home/rashmika/Documents/testdata# ^C
root@adsl-dynamic-ipv6:/home/rashmika/Documents/testdata# docker build -t dinidurashmika/mainrepository:nginx-latest .
[+] Building 6.2s (8/8) FINISHED                                                                                                       docker:default
 => [internal] load build definition from Dockerfile                                                                                             0.0s
 => => transferring dockerfile: 160B                                                                                                             0.0s
 => [internal] load metadata for docker.io/library/nginx:alpine                                                                                  5.8s
 => [auth] library/nginx:pull token for registry-1.docker.io                                                                                     0.0s
 => [internal] load .dockerignore                                                                                                                0.0s
 => => transferring context: 2B                                                                                                                  0.0s
 => [internal] load build context                                                                                                                0.0s
 => => transferring context: 177B                                                                                                                0.0s
 => [1/2] FROM docker.io/library/nginx:alpine@sha256:65645c7bb6a0661892a8b03b89d0743208a18dd2f3f17a54ef4b76fb8e2f2a10                            0.0s
 => CACHED [2/2] COPY ./app /usr/share/nginx/html                                                                                                0.0s
 => exporting to image                                                                                                                           0.0s
 => => exporting layers                                                                                                                          0.0s
 => => writing image sha256:c3b0bc95719bdc77e92104d444e7fe4a546dc5449d8b96eb76f2142d60a17bcc                                                     0.0s
 => => naming to docker.io/dinidurashmika/mainrepository:nginx-latest                                                                            0.0s
root@adsl-dynamic-ipv6:/home/rashmika/Documents/testdata# docker build -t dinidurashmika/mainrepository:nginx-latest .
[+] Building 1.4s (7/7) FINISHED                                                                                                       docker:default
 => [internal] load build definition from Dockerfile                                                                                             0.1s
 => => transferring dockerfile: 160B                                                                                                             0.0s
 => [internal] load metadata for docker.io/library/nginx:alpine                                                                                  1.0s
 => [internal] load .dockerignore                                                                                                                0.0s
 => => transferring context: 2B                                                                                                                  0.0s
 => [internal] load build context                                                                                                                0.0s
 => => transferring context: 177B                                                                                                                0.0s
 => [1/2] FROM docker.io/library/nginx:alpine@sha256:65645c7bb6a0661892a8b03b89d0743208a18dd2f3f17a54ef4b76fb8e2f2a10                            0.0s
 => CACHED [2/2] COPY ./app /usr/share/nginx/html                                                                                                0.0s
 => exporting to image                                                                                                                           0.0s
 => => exporting layers                                                                                                                          0.0s
 => => writing image sha256:c3b0bc95719bdc77e92104d444e7fe4a546dc5449d8b96eb76f2142d60a17bcc                                                     0.0s
 => => naming to docker.io/dinidurashmika/mainrepository:nginx-latest                                                                            0.0s
root@adsl-dynamic-ipv6:/home/rashmika/Documents/testdata# docker push dinidurashmika/mainrepository:nginx:latest .

docker: 'docker push' requires 1 argument

Usage:  docker push [OPTIONS] NAME[:TAG]

Run 'docker push --help' for more information
root@adsl-dynamic-ipv6:/home/rashmika/Documents/testdata# 
root@adsl-dynamic-ipv6:/home/rashmika/Documents/testdata# docker push dinidurashmika/mainrepository:nginx-latest .
docker: 'docker push' requires 1 argument

Usage:  docker push [OPTIONS] NAME[:TAG]

Run 'docker push --help' for more information
root@adsl-dynamic-ipv6:/home/rashmika/Documents/testdata# ^C
root@adsl-dynamic-ipv6:/home/rashmika/Documents/testdata# docker push dinidurashmika/mainrepository:nginx-latest 
The push refers to repository [docker.io/dinidurashmika/mainrepository]
35c7ffc06a33: Pushed 
0d853d50b128: Mounted from library/nginx 
947e805a4ac7: Mounted from library/nginx 
811a4dbbf4a5: Mounted from library/nginx 
b8d7d1d22634: Mounted from library/nginx 
e244aa659f61: Mounted from library/nginx 
c56f134d3805: Mounted from library/nginx 
d71eae0084c1: Mounted from library/nginx 
08000c18d16d: Mounted from library/nginx 
nginx-latest: digest: sha256:98c2601d6aebc24e257c632c34f0c9b436f1f59fa31a887ecf503259c5c86eae size: 2196
root@adsl-dynamic-ipv6:/home/rashmika/Documents/testdata#